/home/simon/ai_math_ept/venv/lib/python3.12/site-packages/powerlaw/distributions.py:2792: RuntimeWarning: invalid value encountered in divide
  return likelihoods/norm
/home/simon/ai_math_ept/venv/lib/python3.12/site-packages/powerlaw/distributions.py:776: UserWarning: No valid fits found for distribution lognormal.
  warnings.warn(f"No valid fits found for distribution {self.name}.")
/home/simon/ai_math_ept/venv/lib/python3.12/site-packages/powerlaw/distributions.py:776: UserWarning: No valid fits found for distribution stretched_exponential.
  warnings.warn(f"No valid fits found for distribution {self.name}.")
/home/simon/ai_math_ept/venv/lib/python3.12/site-packages/powerlaw/distributions.py:743: OptimizeWarning: Initial guess is not within the specified bounds
  result = scipy.optimize.minimize(fit_function,
/home/simon/ai_math_ept/venv/lib/python3.12/site-packages/powerlaw/distributions.py:808: UserWarning: Fitted parameters are very close to the edge of parameter ranges for distribution power_law; consider changing these ranges.
  warnings.warn(f'Fitted parameters are very close to the edge of parameter ranges for distribution {self.name}; consider changing these ranges.')
{
  "design": {
    "published_coq_networks": 47,
    "recovered_coq_networks": 49,
    "human_lean_term_networks": 33,
    "human_lean_declaration_networks": 33,
    "lean_edge_networks_refit": 33,
    "coq_edge_networks_refit": 49,
    "tail_xmin": 10,
    "bootstraps": 20000,
    "seed": 20260801
  },
  "published_exponent_recovery": {
    "published_n": 47,
    "refit_available_n": 44,
    "absolute_difference_le_0_01": 40,
    "absolute_difference_le_0_02": 43,
    "median_absolute_difference": 0.003
  },
  "fixed_xmin_10_alpha": {
    "coq": {
      "n": 45,
      "median": 2.142822240616044,
      "bootstrap_ci": [
        2.105992387501489,
        2.198870529909869
      ],
      "minimum": 1.8330310319706846,
      "maximum": 2.829667412407185
    },
    "human_lean_terms_table": {
      "n": 33,
      "median": 2.0928576150671203,
      "bootstrap_ci": [
        2.040803842839801,
        2.156739090001387
      ],
      "minimum": 1.8865718439645769,
      "maximum": 2.2865019229866914
    },
    "human_lean_terms_edge_refit": {
      "n": 33,
      "median": 2.0928576150671203,
      "bootstrap_ci": [
        2.040803842839801,
        2.1567390900013876
      ],
      "minimum": 1.886571843964577,
      "maximum": 2.2865019229866914
    }
  },
  "fixed_xmin_10_comparison": {
    "test": "two-sided Mann--Whitney U",
    "u": 895.0,
    "p": 0.12422089140131332,
    "median_lean_minus_coq": -0.04996462554892389
  },
  "model_comparisons": {
    "coq_out_degree": {
      "exponential": {
        "n": 45,
        "power_law_favored": 43,
        "alternative_favored": 0,
        "inconclusive": 2
      },
      "lognormal": {
        "n": 45,
        "power_law_favored": 0,
        "alternative_favored": 2,
        "inconclusive": 43
      },
      "stretched_exponential": {
        "n": 45,
        "power_law_favored": 7,
        "alternative_favored": 3,
        "inconclusive": 35
      }
    },
    "coq_in_degree": {
      "exponential": {
        "n": 36,
        "power_law_favored": 0,
        "alternative_favored": 35,
        "inconclusive": 1
      },
      "lognormal": {
        "n": 36,
        "power_law_favored": 0,
        "alternative_favored": 36,
        "inconclusive": 0
      },
      "stretched_exponential": {
        "n": 36,
        "power_law_favored": 0,
        "alternative_favored": 36,
        "inconclusive": 0
      }
    },
    "human_lean_out_degree": {
      "exponential": {
        "n": 33,
        "power_law_favored": 33,
        "alternative_favored": 0,
        "inconclusive": 0
      },
      "lognormal": {
        "n": 33,
        "power_law_favored": 0,
        "alternative_favored": 0,
        "inconclusive": 33
      },
      "stretched_exponential": {
        "n": 33,
        "power_law_favored": 14,
        "alternative_favored": 0,
        "inconclusive": 19
      }
    },
    "human_lean_in_degree": {
      "exponential": {
        "n": 0,
        "power_law_favored": 0,
        "alternative_favored": 0,
        "inconclusive": 0
      },
      "lognormal": {
        "n": 0,
        "power_law_favored": 0,
        "alternative_favored": 0,
        "inconclusive": 0
      },
      "stretched_exponential": {
        "n": 0,
        "power_law_favored": 0,
        "alternative_favored": 0,
        "inconclusive": 0
      }
    }
  },
  "network_metrics": {
    "modularity": {
      "coq_reanalysis": {
        "n": 49,
        "median": 0.724,
        "bootstrap_ci": [
          0.703,
          0.742
        ],
        "minimum": 0.509,
        "maximum": 0.814
      },
      "human_lean_terms": {
        "n": 33,
        "median": 0.717,
        "bootstrap_ci": [
          0.705,
          0.724
        ],
        "minimum": 0.671,
        "maximum": 0.75
      },
      "human_lean_declarations": {
        "n": 33,
        "median": 0.465,
        "bootstrap_ci": [
          0.453,
          0.478
        ],
        "minimum": 0.103,
        "maximum": 0.548
      }
    },
    "f2": {
      "coq_reanalysis": {
        "n": 49,
        "median": 1.0,
        "bootstrap_ci": [
          1.0,
          1.0
        ],
        "minimum": 0.9333,
        "maximum": 1.0
      },
      "human_lean_terms": {
        "n": 33,
        "median": 1.0,
        "bootstrap_ci": [
          0.9867,
          1.0
        ],
        "minimum": 0.9333,
        "maximum": 1.0
      },
      "human_lean_declarations": {
        "n": 33,
        "median": 1.0,
        "bootstrap_ci": [
          1.0,
          1.0
        ],
        "minimum": 1.0,
        "maximum": 1.0
      }
    },
    "mean_belief_e2": {
      "coq_reanalysis": {
        "n": 49,
        "median": 0.9939,
        "bootstrap_ci": [
          0.9935,
          0.9944
        ],
        "minimum": 0.9226,
        "maximum": 0.9989
      },
      "human_lean_terms": {
        "n": 33,
        "median": 0.9935,
        "bootstrap_ci": [
          0.9925,
          0.9939
        ],
        "minimum": 0.99,
        "maximum": 0.9954
      },
      "human_lean_declarations": {
        "n": 33,
        "median": 0.9985,
        "bootstrap_ci": [
          0.9979,
          0.9988
        ],
        "minimum": 0.9947,
        "maximum": 0.9995
      }
    },
    "dL1_mean": {
      "coq_reanalysis": {
        "n": 49,
        "median": 7.32,
        "bootstrap_ci": [
          6.74,
          7.76
        ],
        "minimum": 2.19,
        "maximum": 9.52
      },
      "human_lean_terms": {
        "n": 33,
        "median": 3.59,
        "bootstrap_ci": [
          3.56,
          3.72
        ],
        "minimum": 3.37,
        "maximum": 4.11
      },
      "human_lean_declarations": {
        "n": 33,
        "median": 28.24,
        "bootstrap_ci": [
          25.58,
          31.44
        ],
        "minimum": 15.26,
        "maximum": 36.04
      }
    }
  },
  "endpoint_checks": {
    "coq_fraction_theorem_belief_ge_0_99": 0.8775510204081632,
    "human_lean_fraction_theorem_belief_ge_0_99": 0.6060606060606061,
    "coq_all_firewall_scores_positive": true,
    "human_lean_all_firewall_scores_positive": true
  },
  "verdicts": [
    {
      "claim": "Reuse is heavy-tailed rather than exponential",
      "verdict": "confirmed",
      "scope": "Out-degree model comparisons in recovered Coq and human Lean term graphs"
    },
    {
      "claim": "Reuse follows a universal pure power law with a cutoff-free exponent near two",
      "verdict": "not confirmed",
      "scope": "The fixed-cutoff exponent recurs, but lognormal alternatives are often unresolved"
    },
    {
      "claim": "Proof graphs are modular and support positive firewall contrasts",
      "verdict": "qualified confirmation",
      "scope": "The qualitative signs recur; firewall magnitudes are not comparable across implementations"
    },
    {
      "claim": "Network dynamics can produce high theorem belief at epsilon=0.01",
      "verdict": "confirmed within the model",
      "scope": "Recovered Coq and human Lean term graphs; this is not a behavioral validation"
    }
  ]
}
