###### overnight run started 2026-07-31 15:34:11
=== [2026-07-31 15:34:12] START study2_comparison
1044 proofs to analyze
=== [2026-07-31 15:34:21] END study2_comparison (rc=143)
=== [2026-07-31 15:34:21] START study6_etp_provenance
loading outcomes...
outcomes loaded (26s)
skeleton 10657 edges
provenance labels for 10659 implications
{
 "machine/SimpleRewrites": 6305,
 "machine/VampireProven": 1507,
 "machine/TrivialBruteforce": 1497,
 "machine/MagmaEgg": 832,
 "machine/EquationSearch": 266,
 "machine/GeneratedOther": 164,
 "human/Subgraph": 96,
 "human/InfModel": 2
}
  0/300 sources (30s)
  50/300 sources (33s)
  100/300 sources (36s)
  150/300 sources (36s)
  200/300 sources (37s)
  250/300 sources (37s)
traced 9354 derivation paths (38s)
capacity computed for 3000 edges (38s)

=== load by provenance class ===
            n  load_mean  load_median  load_p90  frac_zero_load  capacity_mean
cls                                                                           
human      20      46.55          4.0      48.5           0.100     390935.350
machine  2980       9.36          1.0      22.1           0.428    1991034.811

=== load by specific method (n>=20) ===
                              n  load_mean  frac_zero_load
cls     sub                                               
human   Subgraph             20     46.550           0.100
machine TrivialBruteforce   439     17.909           0.292
        EquationSearch       70     16.943           0.429
        GeneratedOther       54      9.407           0.574
        MagmaEgg            247      9.389           0.449
        VampireProven       414      8.845           0.437
        SimpleRewrites     1756      7.037           0.453

=== headline ===
{
 "n_human": 20,
 "n_machine": 2980,
 "load_human_mean": 46.55,
 "load_machine_mean": 9.36040268456376,
 "load_human_median": 4.0,
 "load_machine_median": 1.0,
 "mannwhitney_p": 0.002036553278515476,
 "ratio": 4.973076647307664,
 "provenance_counts": {
  "machine/SimpleRewrites": 6305,
  "machine/VampireProven": 1507,
  "machine/TrivialBruteforce": 1497,
  "machine/MagmaEgg": 832,
  "machine/EquationSearch": 266,
  "machine/GeneratedOther": 164,
  "human/Subgraph": 96,
  "human/InfModel": 2
 },
 "n_paths_traced": 9354
}
done 50s
=== [2026-07-31 15:35:13] END study6_etp_provenance (rc=0)
=== [2026-07-31 15:35:13] START study7_dose_response
loading tactic usage...
74622 tactic-proved theorems (1s)
loading edges...
8436366 edges (34s)
73367 theorems joined to graph (49s)

=== dose-response: automation share -> structure ===
             n  automation  premises_explicit  premises_all  hidden_share  reuse_mean  reuse_median  frac_never_reused  n_tactics
bin                                                                                                                              
0-10%    34362       0.003               10.0          33.0         0.662       2.486           1.0              0.280        2.0
10-25%    7300       0.192               25.0          71.0         0.626       1.807           1.0              0.196        8.0
25-50%   13145       0.428               16.0          46.0         0.634       1.997           1.0              0.273        3.0
50-75%    1553       0.658               20.0          57.0         0.611       1.688           1.0              0.292        4.0
75-90%      49       0.817               39.0         110.0         0.613       1.571           1.0              0.245        6.0
90-100%  16958       1.000                9.0          29.0         0.647       2.255           1.0              0.374        1.0
spearman(automation, premises_explicit) = 0.0578  p=2.32e-55
spearman(automation, reuse) = -0.0558  p=1.06e-51
spearman(automation, hidden_share) = -0.0590  p=1.3e-57
OLS log1p(premises_explicit) ~ automation + log(size): beta_automation=0.2837 (size-controlled)
OLS log1p(reuse) ~ automation + log(size): beta_automation=-0.0700 (size-controlled)
[automation>=75%] n=4926 edges=4008 belief: eps=0.1:0.6803, eps=0.05:0.7310, eps=0.01:0.7855
[automation<=10%] n=22213 edges=26234 belief: eps=0.1:0.8019, eps=0.05:0.8353, eps=0.01:0.8644
done 68s
=== [2026-07-31 15:36:23] END study7_dose_response (rc=0)
=== [2026-07-31 15:36:23] START study8_source_graphs
[ok] sphere_packing_HUMAN(pre-Feb2026): N=1026 E=3385 Q=0.509 alpha=2.03 never_cited=0.306 belief@.01=0.9805
[ok] sphere_packing_GAUSS(math-inc): N=5676 E=32596 Q=0.514 alpha=1.959 never_cited=0.199 belief@.01=0.9882
[ok] strongPNT_GAUSS: N=1110 E=2007 Q=0.794 alpha=2.366 never_cited=0.185 belief@.01=0.8978
[ok] pfr_HUMAN: N=977 E=2649 Q=0.602 alpha=2.257 never_cited=0.267 belief@.01=0.9446
[ok] FLT_HUMAN: N=2949 E=13828 Q=0.455 alpha=2.094 never_cited=0.331 belief@.01=0.9802
[ok] PNT+_HUMAN: N=8287 E=46606 Q=0.532 alpha=1.663 never_cited=0.250 belief@.01=0.9936
[ok] ETP_human_files: N=2153 E=10141 Q=0.488 alpha=1.907 never_cited=0.456 belief@.01=0.9889
[ok] ETP_generated_files: N=11046 E=4635 Q=0.145 alpha=2.036 never_cited=0.983 belief@.01=0.5418
[ok] compfiles_HUMAN: N=3337 E=18902 Q=0.47 alpha=1.888 never_cited=0.274 belief@.01=0.9861
[ok] seed_prover_AI: N=6030 E=15403 Q=0.673 alpha=1.976 never_cited=0.418 belief@.01=0.9506
[ok] aristotle_AI: N=125 E=371 Q=0.625 alpha=1.939 never_cited=0.216 belief@.01=0.9573
[ok] alphaproof_nexus_AI: N=3007 E=10032 Q=0.698 alpha=2.073 never_cited=0.190 belief@.01=0.9757

=== summary ===
                           corpus authorship  n_decls  n_edges  modularity_Q  alpha_reuse  frac_never_cited  reuse_gini  belief_eps0.01
sphere_packing_HUMAN(pre-Feb2026)      human     1026     3385         0.509        2.030          0.306043    0.808350          0.9805
   sphere_packing_GAUSS(math-inc)         AI     5676    32596         0.514        1.959          0.198732    0.833556          0.9882
                  strongPNT_GAUSS         AI     1110     2007         0.794        2.366          0.184685    0.583150          0.8978
                        pfr_HUMAN      human      977     2649         0.602        2.257          0.267144    0.699493          0.9446
                        FLT_HUMAN      human     2949    13828         0.455        2.094          0.330960    0.865553          0.9802
                       PNT+_HUMAN      human     8287    46606         0.532        1.663          0.250030    0.873134          0.9936
                  ETP_human_files      human     2153    10141         0.488        1.907          0.456108    0.892097          0.9889
              ETP_generated_files    machine    11046     4635         0.145        2.036          0.983252    0.998792          0.5418
                  compfiles_HUMAN      human     3337    18902         0.470        1.888          0.273899    0.861649          0.9861
                   seed_prover_AI         AI     6030    15403         0.673        1.976          0.417910    0.839777          0.9506
                     aristotle_AI         AI      125      371         0.625        1.939          0.216000    0.704259          0.9573
              alphaproof_nexus_AI         AI     3007    10032         0.698        2.073          0.189558    0.750199          0.9757

=== by authorship ===
            modularity_Q  alpha_reuse  frac_never_cited  reuse_gini  belief_eps0.01
authorship                                                                         
AI                 0.661        2.063             0.241       0.742           0.954
human              0.509        1.973             0.314       0.833           0.979
machine            0.145        2.036             0.983       0.999           0.542
done 48s
=== [2026-07-31 15:37:20] END study8_source_graphs (rc=0)
=== [2026-07-31 15:37:20] START study9_matched_pairs
