500 jobs, 0 skipped
[ok ] pair_00c3ecd5
[ok ] pair_00b23e63
[ok ] pair_01eb3f84
[ok ] pair_01d89852
[FAIL] pair_04759e39  rc=1 :: /home/simon/ai_math_ept/mathlib4/eptx_work/pair_04759e39_x.lean:32:10: error(lean.unknownIdentifier): Unknown constant `Real.sqrt_eq_iff_sq_eq`
/home/simon/ai_math_ept/mathlib4/eptx_work/pair_04759e39_x.lean:34:10: error(lean.unknownIdentifier): Unknown constant `Real.sqrt_eq_iff_sq_eq`
/home/simon/ai_math_ept/mathlib4/eptx_work/pair_04759e39_x.lean:258:21: warning: `String.trim` has been deprecated: Use `String.trimAscii` instead

Note: The updated constant has a different type:
  String → String.Slice
instead of
  String → String
[ok] algebra_310654 term0: 5104 nodes, 9743 edges, 9743 visits
[FAIL] pair_050e20e0  rc=1 :: /home/simon/ai_math_ept/mathlib4/eptx_work/pair_050e20e0_x.lean:20:6: error: No goals to be solved
/home/simon/ai_math_ept/mathlib4/eptx_work/pair_050e20e0_x.lean:254:21: warning: `String.trim` has been deprecated: Use `String.trimAscii` instead

Note: The updated constant has a different type:
  String → String.Slice
instead of
  String → String
[ok] inequalities_79152 term0: 14944 nodes, 29319 edges, 29319 visits
[ok] inequalities_79152 term: 14944 nodes, 29319 edges, 0 levels
[ok] inequalities_79152 decl: 11031 nodes, 233436 edges, 30 levels

[ok ] pair_064daf4b
[ok ] pair_06e244fd
[FAIL] pair_04aeef30  rc=1 :: /home/simon/ai_math_ept/mathlib4/eptx_work/pair_04aeef30_x.lean:4:0: error: (deterministic) timeout at `whnf`, maximum number of heartbeats (200000) has been reached

Note: Use `set_option maxHeartbeats <num>` to set the limit.

Hint: Additional diagnostic information may be available using the `set_option diagnostics true` command.
/home/simon/ai_math_ept/mathlib4/eptx_work/pair_04aeef30_x.lean:237:21: warning: `String.trim` has been deprecated: Use `String.trimAscii` instead

Note: The updated constant has a different type:
  String → String.Slice
instead of
  String → String
[ok] number_the
[ok ] pair_070c0d6f
[FAIL] pair_06fcc9a3  rc=1 :: tifier `differentiableAt_id'`
/home/simon/ai_math_ept/mathlib4/eptx_work/pair_06fcc9a3_x.lean:23:29: error(lean.unknownIdentifier): Unknown identifier `differentiableAt_id'`
/home/simon/ai_math_ept/mathlib4/eptx_work/pair_06fcc9a3_x.lean:30:33: error(lean.unknownIdentifier): Unknown identifier `differentiableAt_id'`
/home/simon/ai_math_ept/mathlib4/eptx_work/pair_06fcc9a3_x.lean:9:10: warning: This simp argument is unused:
  deriv_mul

Hint: Omit it from the simp argument list.
  [apply] simp [hg, hh, differentiableAt_id', dg 0, dh 0]

Note: This linter can be disabled with `set_option linter.
[ok ] pair_0a7bd2c7
[FAIL] pair_0a47d39b  rc=1 :: /home/simon/ai_math_ept/mathlib4/eptx_work/pair_0a47d39b_x.lean:8:26: error: unsolved goals
a b : ℝ
ha : 0 < a
hb : 0 < b
h1 : 1 / 0 = 30
h2 : 1 / (2 * b - a) = 10
h : b - a = 0
⊢ False
/home/simon/ai_math_ept/mathlib4/eptx_work/pair_0a47d39b_x.lean:12:30: error: unsolved goals
a b : ℝ
ha : 0 < a
hb : 0 < b
h1 : 1 / (b - a) = 30
h2 : 1 / 0 = 10
eq1 : b - a ≠ 0
h : 2 * b - a = 0
⊢ False
/home/simon/ai_math_ept/mathlib4/eptx_work/pair_0a47d39b_x.lean:253:21: warning: `String.trim` has been deprecated: Use `String.trimAscii` instead

Note: The updated constant has a different type:
  String → Str
[ok ] pair_0a891d0e
[ok ] pair_09fe542e
[ok ] pair_0b123512
[FAIL] pair_0b319a0b  rc=1 :: /home/simon/ai_math_ept/mathlib4/eptx_work/pair_0b319a0b_x.lean:9:24: warning: `Set.mem_setOf_eq` has been deprecated: Use `Set.mem_ofPred_eq` instead
/home/simon/ai_math_ept/mathlib4/eptx_work/pair_0b319a0b_x.lean:45:26: error(lean.unknownIdentifier): Unknown constant `Real.pi_gt_314`
/home/simon/ai_math_ept/mathlib4/eptx_work/pair_0b319a0b_x.lean:46:23: error(lean.unknownIdentifier): Unknown constant `Real.pi_gt_314`
/home/simon/ai_math_ept/mathlib4/eptx_work/pair_0b319a0b_x.lean:281:21: warning: `String.trim` has been deprecated: Use `String.trimAscii` instead

Note: The updated constant ha
[ok ] pair_0a983018
[FAIL] pair_0b7ad5b2  rc=1 :: /home/simon/ai_math_ept/mathlib4/eptx_work/pair_0b7ad5b2_x.lean:17:25: error: No goals to be solved
/home/simon/ai_math_ept/mathlib4/eptx_work/pair_0b7ad5b2_x.lean:17:25: error: No goals to be solved
/home/simon/ai_math_ept/mathlib4/eptx_work/pair_0b7ad5b2_x.lean:22:25: error: No goals to be solved
/home/simon/ai_math_ept/mathlib4/eptx_work/pair_0b7ad5b2_x.lean:22:25: error: No goals to be solved
/home/simon/ai_math_ept/mathlib4/eptx_work/pair_0b7ad5b2_x.lean:246:21: warning: `String.trim` has been deprecated: Use `String.trimAscii` instead

Note: The updated constant has a different type:
  S
[ok ] pair_0e32bcce
[ok ] pair_0f3deadd
[ok ] pair_0bc9ff8b
[ok ] pair_0c9ecd6b
[ok ] pair_0f421760
[ok ] pair_0f905113
[ok ] pair_11814e28
[ok ] pair_11362c17
[ok ] pair_136afae1
[ok ] pair_121126b4
[ok ] pair_13dbafa5
[ok ] pair_13d805d4
[ok ] pair_1435e660
[ok ] pair_149000e5
[ok ] pair_149ec314
[FAIL] pair_1411d12d  rc=1 :: /home/simon/ai_math_ept/mathlib4/eptx_work/pair_1411d12d_x.lean:18:11: error(lean.unknownIdentifier): Unknown identifier `div_le_div_iff`
/home/simon/ai_math_ept/mathlib4/eptx_work/pair_1411d12d_x.lean:19:4: error: No goals to be solved
/home/simon/ai_math_ept/mathlib4/eptx_work/pair_1411d12d_x.lean:21:11: error(lean.unknownIdentifier): Unknown identifier `div_le_div_iff`
/home/simon/ai_math_ept/mathlib4/eptx_work/pair_1411d12d_x.lean:22:4: error: No goals to be solved
/home/simon/ai_math_ept/mathlib4/eptx_work/pair_1411d12d_x.lean:24:11: error(lean.unknownIdentifier): Unknown identifier `div_
[ok ] pair_1565703f
[ok ] pair_152731e7
[ok ] pair_171e8749
[ok ] pair_149fe16f
[ok ] pair_17275427
[FAIL] pair_17ae3e10  rc=1 :: e3e10_x.lean:22:25: error: No goals to be solved
/home/simon/ai_math_ept/mathlib4/eptx_work/pair_17ae3e10_x.lean:22:25: error: No goals to be solved
/home/simon/ai_math_ept/mathlib4/eptx_work/pair_17ae3e10_x.lean:22:25: error: No goals to be solved
/home/simon/ai_math_ept/mathlib4/eptx_work/pair_17ae3e10_x.lean:22:25: error: No goals to be solved
/home/simon/ai_math_ept/mathlib4/eptx_work/pair_17ae3e10_x.lean:22:25: error: No goals to be solved
/home/simon/ai_math_ept/mathlib4/eptx_work/pair_17ae3e10_x.lean:22:25: error: No goals to be solved
/home/simon/ai_math_ept/mathlib4/eptx_work/pair_17a
[ok ] pair_19517b6c
[ok ] pair_17a4d7d8
[ok ] pair_19d5b7ab
[ok ] pair_1b9f23f3
[ok ] pair_19f291ba
[ok ] pair_1bd1b908
[FAIL] pair_1d8bef20  rc=1 :: /home/simon/ai_math_ept/mathlib4/eptx_work/pair_1d8bef20_x.lean:29:8: error: linarith failed to find a contradiction
case h1
f : ℝ → ℝ
h : ∀ (x : ℝ), f x + x * f (1 - x) = x ^ 2 - 1
x : ℝ
eq1 : f x + x * f (1 - x) = x ^ 2 - 1
eq2 : f (1 - x) + (1 - x) * f (1 - (1 - x)) = (1 - x) ^ 2 - 1
eq3 : f x + x * f (1 - x) = x ^ 2 - 1
eq4 : f (1 - x) + (1 - x) * f x = (1 - x) ^ 2 - 1
h6 : x ^ 2 - x + 1 ≠ 0
h11 : f x * (x ^ 2 - x + 1) = -x ^ 3 + 3 * x ^ 2 - 1
a✝ : f x < (x ^ 2 * (-x + 3) - 1) / (x * (x - 1) + 1)
⊢ False
failed
Try this:
  [apply] ring_nf
  
  The `ring` tactic failed to close the goal. Us
[FAIL] pair_1d8c3d03  rc=1 :: /home/simon/ai_math_ept/mathlib4/eptx_work/pair_1d8c3d03_x.lean:39:16: error(lean.unknownIdentifier): Unknown constant `Nat.dvd_sub'`
/home/simon/ai_math_ept/mathlib4/eptx_work/pair_1d8c3d03_x.lean:40:10: error: No goals to be solved
/home/simon/ai_math_ept/mathlib4/eptx_work/pair_1d8c3d03_x.lean:28:10: warning: This simp argument is unused:
  Nat.gcd_add_mul_right_right

Hint: Omit it from the simp argument list.
  [apply] simp [show (100 + n ^ 2 + 2 * n + 1) = (100 + n ^ 2) + (2 * n + 1) by ring_nf]

Note: This linter can be disabled with `set_option linter.unusedSimpArgs false`
/home/simon/
[FAIL] pair_1d10baad  rc=1 :: /home/simon/ai_math_ept/mathlib4/eptx_work/pair_1d10baad_x.lean:8:57: error: unsolved goals
x : ℝ
hx : 1 < x
⊢ logb x (x + 1) = log (x + 1) / log x
/home/simon/ai_math_ept/mathlib4/eptx_work/pair_1d10baad_x.lean:10:70: error: unsolved goals
x : ℝ
hx : 1 < x
h1 : logb x (x + 1) = log (x + 1) / log x
⊢ logb (x + 1) (x + 2) = log (x + 2) / log (x + 1)
/home/simon/ai_math_ept/mathlib4/eptx_work/pair_1d10baad_x.lean:56:11: error(lean.unknownIdentifier): Unknown identifier `div_lt_div_iff`
/home/simon/ai_math_ept/mathlib4/eptx_work/pair_1d10baad_x.lean:57:4: error: No goals to be solved
/home/simon/
[ok ] pair_1d99af92
[ok ] pair_1e6ca847
[ok ] pair_1e4638c2
[ok ] pair_1eac5349
[ok ] pair_1e273c45
[ok ] pair_1f6c5f2d
[ok ] pair_2000cc20
[ok ] pair_204207d6
[FAIL] pair_20f6251a  rc=1 :: h_ept/mathlib4/eptx_work/pair_20f6251a_x.lean:15:21: error(lean.unknownIdentifier): Unknown identifier `differentiableAt_id'`
/home/simon/ai_math_ept/mathlib4/eptx_work/pair_20f6251a_x.lean:20:21: error(lean.unknownIdentifier): Unknown identifier `differentiableAt_id'`
/home/simon/ai_math_ept/mathlib4/eptx_work/pair_20f6251a_x.lean:15:10: warning: This simp argument is unused:
  deriv_mul

Hint: Omit it from the simp argument list.
  [apply] simp [differentiableAt_id', differentiableAt_exp, differentiableAt_cos, differentiableAt_sin]

Note: This linter can be disabled with `set_option linter.u
[ok ] pair_1fffe880
[FAIL] pair_21d4e69e  rc=1 :: /home/simon/ai_math_ept/mathlib4/eptx_work/pair_21d4e69e_x.lean:62:4: error: unsolved goals
case mp.inr.«-1»
a b c : ℤ
h1 : a ^ 2 = -1 * -(a + -1) + 1
h2 : (-1) ^ 2 = c * a + 1
h3 : (a - -1) * (a + -1) = c * (-1 - a)
h4 : (a - -1) * (a + -1 + c) = 0
h6 : a + -1 + c = 0
h11 : c = -(a + -1)
h12 : a ^ 2 + a * -1 + (-1) ^ 2 = 1
h13 : -1 ≤ 1
h14 : -1 ≥ -1
⊢ a = 1 ∧ -1 = 1 ∧ c = 0 ∨
    a = -1 ∧ -1 = -1 ∧ c = 0 ∨
      a = 1 ∧ -1 = -1 ∧ c = 0 ∨
        a = -1 ∧ -1 = 1 ∧ c = 0 ∨
          a = 1 ∧ -1 = 0 ∧ c = -1 ∨ a = -1 ∧ -1 = 0 ∧ c = 1 ∨ a = 0 ∧ -1 = 1 ∧ c = -1 ∨ a = 0 ∧ -1 = -1 ∧ c = 1

case mp.in
[FAIL] pair_221506da  rc=1 :: /home/simon/ai_math_ept/mathlib4/eptx_work/pair_221506da_x.lean:14:6: error(lean.unknownIdentifier): Unknown constant `Set.ncard_coe_Finset`
/home/simon/ai_math_ept/mathlib4/eptx_work/pair_221506da_x.lean:8:193: error: unsolved goals
h1 :
  {n |
      n < 1000 ∧
        n % 2 ≠ n % 3 ∧
          n % 2 ≠ n % 4 ∧
            n % 2 ≠ n % 5 ∧
              n % 2 ≠ n % 6 ∧
                n % 3 ≠ n % 4 ∧ n % 3 ≠ n % 5 ∧ n % 3 ≠ n % 6 ∧ n % 4 ≠ n % 5 ∧ n % 4 ≠ n % 6 ∧ n % 5 ≠ n % 6} =
    ↑({n ∈ Finset.Iic 999 |
        n < 1000 ∧
          n % 2 ≠ n % 3 ∧
            n % 2 ≠ n % 4 ∧
              n
[ok ] pair_22599b6f
[ok ] pair_2347fae1
[ok ] pair_241a8561
[ok ] pair_2579febe
[ok ] pair_2590c3a7
[ok ] pair_26771bf6
[ok ] pair_2748f3f1
[FAIL] pair_28bb1bc1  rc=1 :: /home/simon/ai_math_ept/mathlib4/eptx_work/pair_28bb1bc1_x.lean:25:6: error: No goals to be solved
/home/simon/ai_math_ept/mathlib4/eptx_work/pair_28bb1bc1_x.lean:257:21: warning: `String.trim` has been deprecated: Use `String.trimAscii` instead

Note: The updated constant has a different type:
  String → String.Slice
instead of
  String → String
[ok] algebra_9090_2 term0: 6958 nodes, 13357 edges, 13357 visits
[ok] algebra_9090_2 term: 20039 nodes, 38214 edges, 1 levels
[ok] algebra_9090_2 decl: 11009 nodes, 232611 edges, 30 levels

[ok ] pair_271fa579
[ok ] pair_2a4dc8cc
[ok ] pair_29059eae
[ok ] pair_28dc9b96
[ok ] pair_2b3de622
[ok ] pair_2a66f969
[ok ] pair_2b09aabd
[ok ] pair_2d283418
[ok ] pair_2fba10ea
[ok ] pair_301c1ff9
[FAIL] pair_2e298ffa  rc=1 :: b √2 √x = logb 2 x
h2 : logb 4 (x ^ 2) = logb 2 x
⊢ logb 8 (x ^ 3) = logb 2 (x ^ 3) / logb 2 8
/home/simon/ai_math_ept/mathlib4/eptx_work/pair_2e298ffa_x.lean:46:74: error: unsolved goals
x : ℝ
hx : 0 < x
h : logb √2 √x + logb 2 x + logb 4 (x ^ 2) + logb 8 (x ^ 3) + logb 16 (x ^ 4) = 40
h1 : logb √2 √x = logb 2 x
h2 : logb 4 (x ^ 2) = logb 2 x
h3 : logb 8 (x ^ 3) = logb 2 x
⊢ logb 16 (x ^ 4) = logb 2 (x ^ 4) / logb 2 16
/home/simon/ai_math_ept/mathlib4/eptx_work/pair_2e298ffa_x.lean:74:10: error(lean.unknownIdentifier): Unknown constant `Real.sqrt_eq_iff_sq_eq`
/home/simon/ai_math_ept/mathlib4
[ok ] pair_2fde2018
[ok ] pair_32d5762e
[ok ] pair_326a8dc3
[ok ] pair_33135e91
[ok ] pair_32e87abf
[ok ] pair_33b83cd5
[FAIL] pair_34d6974b  rc=1 :: /home/simon/ai_math_ept/mathlib4/eptx_work/pair_34d6974b_x.lean:18:14: error(lean.unknownIdentifier): Unknown identifier `pow_eq_zero`
/home/simon/ai_math_ept/mathlib4/eptx_work/pair_34d6974b_x.lean:19:8: error: No goals to be solved
/home/simon/ai_math_ept/mathlib4/eptx_work/pair_34d6974b_x.lean:32:14: error(lean.unknownIdentifier): Unknown identifier `pow_eq_zero`
/home/simon/ai_math_ept/mathlib4/eptx_work/pair_34d6974b_x.lean:33:8: error: No goals to be solved
/home/simon/ai_math_ept/mathlib4/eptx_work/pair_34d6974b_x.lean:277:21: warning: `String.trim` has been deprecated: Use `String.trim
[ok ] pair_34b2dbc3
[ok ] pair_358e95d5
[ok ] pair_34e33ffa
[FAIL] pair_35fa6fbf  rc=1 :: zero, not_false_eq_true, Real.rpow_inv_rpow]

Note: This linter can be disabled with `set_option linter.unusedSimpArgs false`
/home/simon/ai_math_ept/mathlib4/eptx_work/pair_35fa6fbf_x.lean:18:44: warning: This simp argument is unused:
  ne_eq

Hint: Omit it from the simp argument list.
  [apply] simp only [one_div, Nat.ofNat_nonneg, OfNat.ofNat_ne_zero, not_false_eq_true, Real.rpow_inv_rpow]

Note: This linter can be disabled with `set_option linter.unusedSimpArgs false`
/home/simon/ai_math_ept/mathlib4/eptx_work/pair_35fa6fbf_x.lean:18:51: warning: This simp argument is unused:
  OfNat.ofNat
[ok ] pair_3719e144
[ok ] pair_369d2c1d
[ok ] pair_37c40664
[FAIL] pair_37334f86  rc=1 :: /home/simon/ai_math_ept/mathlib4/eptx_work/pair_37334f86_x.lean:33:6: error: linarith failed to find a contradiction
case succ.h1
a : ℕ → ℝ
h₀ : a 1 = 0
h₁ : ∀ (n : ℕ), a (n + 1) = a n + 1 ∨ a (n + 1) = -(a n + 1)
n✝ : ℕ
hn : n✝ > 0
n : ℕ
h7 : a (n + 1 + 1) ^ 2 = a (n + 1) * (a (n + 1) + 2) + 1
ih : 2 * ∑ i ∈ Finset.Icc 1 n, a i = a (n + 1) ^ 2 - ↑n
h4 : ∀ (m : ℕ), a (m + 1) ^ 2 = a m * (a m + 2) + 1
a✝ : a (n + 1) ^ 2 - ↑n + a (n + 1) * 2 < a (n + 1 + 1) ^ 2 - ↑(n + 1)
⊢ False
failed
/home/simon/ai_math_ept/mathlib4/eptx_work/pair_37334f86_x.lean:283:21: warning: `String.trim` has been deprec
[ok ] pair_3757881d
[ok ] pair_37d880cd
[ok ] pair_3a87aeb7
[ok ] pair_38baa893
[ok ] pair_3b1172ec
[FAIL] pair_3b35a861  rc=1 :: /home/simon/ai_math_ept/mathlib4/eptx_work/pair_3b35a861_x.lean:18:28: error: Application type mismatch: The argument
  h2
has type
  a ∣ -184
but is expected to have type
  ↑?m.47 ∣ ?m.46
in the application
  Int.dvd_gcd ?m.48 h2
/home/simon/ai_math_ept/mathlib4/eptx_work/pair_3b35a861_x.lean:58:25: error: Application type mismatch: The argument
  h5
has type
  a ∣ -184
but is expected to have type
  ↑?m.297 ∣ ?m.296
in the application
  Int.dvd_gcd ?m.298 h5
/home/simon/ai_math_ept/mathlib4/eptx_work/pair_3b35a861_x.lean:38:46: warning: This simp argument is unused:
  eval_C

Hint: Omit it f
[ok ] pair_3ae19d99
[ok ] pair_3b470502
[ok ] pair_3bac32b8
[FAIL] pair_3bf62fff  rc=1 :: /home/simon/ai_math_ept/mathlib4/eptx_work/pair_3bf62fff_x.lean:16:51: error: unsolved goals
h1 : Complex.I ^ 5 = Complex.I
eq1 : Complex.I ^ 4 = 1
eq3 : Complex.I ^ (-25) = (Complex.I ^ 25)⁻¹
eq4 : Complex.I ^ 25 = Complex.I
⊢ 1 = -Complex.I ^ 2
/home/simon/ai_math_ept/mathlib4/eptx_work/pair_3bf62fff_x.lean:31:49: warning: This simp argument is unused:
  Complex.ext_iff

Hint: Omit it from the simp argument list.
  [apply] simp [zpow_ofNat, pow_succ, Complex.I_mul_I]

Note: This linter can be disabled with `set_option linter.unusedSimpArgs false`
/home/simon/ai_math_ept/mathlib4/eptx_work/pa
[FAIL] pair_3c635c38  rc=1 :: /home/simon/ai_math_ept/mathlib4/eptx_work/pair_3c635c38_x.lean:11:12: error: `field_simp` made no progress anywhere
/home/simon/ai_math_ept/mathlib4/eptx_work/pair_3c635c38_x.lean:9:24: warning: This simp argument is unused:
  Nat.mul_comm

Hint: Omit it from the simp argument list.
  [apply] simp [Nat.gcd_comm]

Note: This linter can be disabled with `set_option linter.unusedSimpArgs false`
/home/simon/ai_math_ept/mathlib4/eptx_work/pair_3c635c38_x.lean:234:21: warning: `String.trim` has been deprecated: Use `String.trimAscii` instead

Note: The updated constant has a different type:
  Strin
[FAIL] pair_3c7de8b2  rc=1 :: _3c7de8b2_x.lean:17:25: error: No goals to be solved
/home/simon/ai_math_ept/mathlib4/eptx_work/pair_3c7de8b2_x.lean:17:25: error: No goals to be solved
/home/simon/ai_math_ept/mathlib4/eptx_work/pair_3c7de8b2_x.lean:17:25: error: No goals to be solved
/home/simon/ai_math_ept/mathlib4/eptx_work/pair_3c7de8b2_x.lean:17:25: error: No goals to be solved
/home/simon/ai_math_ept/mathlib4/eptx_work/pair_3c7de8b2_x.lean:17:25: error: No goals to be solved
/home/simon/ai_math_ept/mathlib4/eptx_work/pair_3c7de8b2_x.lean:17:25: error: No goals to be solved
/home/simon/ai_math_ept/mathlib4/eptx_work/pair
[ok ] pair_3cca9874
[ok ] pair_3cd000e2
[ok ] pair_3da844f5
[ok ] pair_3e5837da
[ok ] pair_3db79af4
[ok ] pair_3e7604ad
[FAIL] pair_3eaf1908  rc=1 :: /home/simon/ai_math_ept/mathlib4/eptx_work/pair_3eaf1908_x.lean:28:36: error(lean.unknownIdentifier): Unknown constant `Multiset.le_cons_of_not_mem`
/home/simon/ai_math_ept/mathlib4/eptx_work/pair_3eaf1908_x.lean:366:21: warning: `String.trim` has been deprecated: Use `String.trimAscii` instead

Note: The updated constant has a different type:
  String → String.Slice
instead of
  String → String
[ok] algebra_16405 term0: 7061 nodes, 13422 edges, 13422 visits
[ok] algebra_16405 term: 20235 nodes, 38320 edges, 1 levels
[ok] algebra_16405 decl: 10742 nodes, 217688 edges, 25 levels

[ok ] pair_40400f26
[ok ] pair_412ad836
[FAIL] pair_409b71b8  rc=1 :: /home/simon/ai_math_ept/mathlib4/eptx_work/pair_409b71b8_x.lean:27:10: error: No goals to be solved
/home/simon/ai_math_ept/mathlib4/eptx_work/pair_409b71b8_x.lean:257:21: warning: `String.trim` has been deprecated: Use `String.trimAscii` instead

Note: The updated constant has a different type:
  String → String.Slice
instead of
  String → String
[ok] algebra_9411 term0: 4238 nodes, 7930 edges, 7930 visits
[ok] algebra_9411 term: 18966 nodes, 36112 edges, 1 levels
[ok] algebra_9411 decl: 11022 nodes, 233423 edges, 30 levels

[ok ] pair_43d40622
[ok ] pair_41f0b641
[ok ] pair_41624ef7
[ok ] pair_43cbe160
[ok ] pair_4453d7a8
[ok ] pair_44418174
[ok ] pair_44904cd0
[FAIL] pair_446352d0  rc=1 :: /home/simon/ai_math_ept/mathlib4/eptx_work/pair_446352d0_x.lean:31:8: error: No goals to be solved
/home/simon/ai_math_ept/mathlib4/eptx_work/pair_446352d0_x.lean:263:21: warning: `String.trim` has been deprecated: Use `String.trimAscii` instead

Note: The updated constant has a different type:
  String → String.Slice
instead of
  String → String
[ok] algebra_12235 term0: 13797 nodes, 26830 edges, 26830 visits
[ok] algebra_12235 term: 13797 nodes, 26830 edges, 0 levels
[ok] algebra_12235 decl: 11071 nodes, 234565 edges, 29 levels

[ok ] pair_452bb14f
[FAIL] pair_4518cc0a  rc=1 :: /home/simon/ai_math_ept/mathlib4/eptx_work/pair_4518cc0a_x.lean:12:60: error: unsolved goals
⊢ 1 / logb 2 π = log 2 / log π
/home/simon/ai_math_ept/mathlib4/eptx_work/pair_4518cc0a_x.lean:14:60: error: unsolved goals
h1 : 1 / logb 2 π = log 2 / log π
⊢ 1 / logb 5 π = log 5 / log π
/home/simon/ai_math_ept/mathlib4/eptx_work/pair_4518cc0a_x.lean:43:13: error(lean.unknownIdentifier): Unknown identifier `lt_div_iff'`
/home/simon/ai_math_ept/mathlib4/eptx_work/pair_4518cc0a_x.lean:44:6: error: No goals to be solved
/home/simon/ai_math_ept/mathlib4/eptx_work/pair_4518cc0a_x.lean:47:59: error: unsolv
[ok ] pair_45b25f4e
[ok ] pair_47d24c12
[ok ] pair_480deb3e
[ok ] pair_4860e4db
[ok ] pair_48881c66
[ok ] pair_49366beb
[FAIL] pair_4835072e  rc=1 :: /home/simon/ai_math_ept/mathlib4/eptx_work/pair_4835072e_x.lean:7:8: error: (kernel) deep recursion detected, use `set_option maxRecDepth <num>` to increase the limit
/home/simon/ai_math_ept/mathlib4/eptx_work/pair_4835072e_x.lean:233:21: warning: `String.trim` has been deprecated: Use `String.trimAscii` instead

Note: The updated constant has a different type:
  String → String.Slice
instead of
  String → String
[ok] number_theory_77603 term0: 478592 nodes, 935264 edges, 935264 visits
[ok] number_theory_77603 term: 478592 nodes, 935264 edges, 0 levels
[ok] number_theory_77603 decl: 7519 nodes
[ok ] pair_496aea54
[ok ] pair_496f71fb
[ok ] pair_496fbd44
[ok ] pair_49737f41
[FAIL] pair_49e73559  rc=1 :: Try this:
  [apply] ring_nf
  
  The `ring` tactic failed to close the goal. Use `ring_nf` to obtain a normal form.
    
  Note that `ring` works primarily in *commutative* rings. If you have a noncommutative ring, abelian group or module, consider using `noncomm_ring`, `abel` or `module` instead.
/home/simon/ai_math_ept/mathlib4/eptx_work/pair_49e73559_x.lean:33:18: error: unsolved goals
case succ
Δ : (ℕ → ℝ) → ℕ → ℝ
hΔ : ∀ (f : ℕ → ℝ) (n : ℕ), Δ f n = f (n + 1) - f n
A : ℕ → ℝ
hΔΔA : ∀ (n : ℕ), Δ (Δ A) n = 1
h1 : A 18 = 0
h2 : A 91 = 0
h1' : ∀ (n : ℕ), Δ (Δ A) n = 1
h19 : ∀ (n : ℕ), Δ (Δ A) 
[ok ] pair_49f9b472
[ok ] pair_4a23a011
[FAIL] pair_4a05b004  rc=1 :: > 0
h_eq : f (f 79) = 79
h : 79 < 89
h_lt : 79 < 89
⊢ (fun n => sorry) ((fun n => sorry) 79) ≠ 79

case «80»
f : ℕ → ℕ
hf : f = fun n => sorry
n : ℕ
hn_pos : 80 > 0
h_eq : f (f 80) = 80
h : 80 < 89
h_lt : 80 < 89
⊢ (fun n => sorry) ((fun n => sorry) 80) ≠ 80

case «81»
f : ℕ → ℕ
hf : f = fun n => sorry
n : ℕ
hn_pos : 81 > 0
h_eq : f (f 81) = 81
h : 81 < 89
h_lt : 81 < 89
⊢ (fun n => sorry) ((fun n => sorry) 81) ≠ 81

case «82»
f : ℕ → ℕ
hf : f = fun n => sorry
n : ℕ
hn_pos : 82 > 0
h_eq : f (f 82) = 82
h : 82 < 89
h_lt : 82 < 89
⊢ (fun n => sorry) ((fun n => sorry) 82) ≠ 82

case «83»
f : ℕ → 
[FAIL] pair_4beb2458  rc=1 :: /home/simon/ai_math_ept/mathlib4/eptx_work/pair_4beb2458_x.lean:13:6: warning: `push_neg` has been deprecated. Prefer using `push Not` instead.
If you'd rather continue using `push_neg` in your project, you can implement it as follows:
```
open Lean.Parser.Tactic in
macro "push_neg" cfg:optConfig loc:(location)? : tactic =>
  `(tactic| push $cfg:optConfig Not $[$loc]?)
```
/home/simon/ai_math_ept/mathlib4/eptx_work/pair_4beb2458_x.lean:52:12: error(lean.unknownIdentifier): Unknown constant `Real.sqrt_eq_iff_sq_eq`
/home/simon/ai_math_ept/mathlib4/eptx_work/pair_4beb2458_x.lean:59:12: error(lea
[FAIL] pair_4c690fec  rc=1 :: /home/simon/ai_math_ept/mathlib4/eptx_work/pair_4c690fec_x.lean:52:8: error: linarith failed to find a contradiction
case ind.succ.succ.h1
x y : ℝ
hx : x ≠ 0
h : x + 1 / x = 2 * cos y
n k : ℕ
ih : ∀ m < k + 1 + 1, x ^ m + 1 / x ^ m = 2 * cos (↑m * y)
h3 : x ^ k + 1 / x ^ k = 2 * cos (↑k * y)
h4 : x ^ (k + 1) + 1 / x ^ (k + 1) = 2 * cos (↑(k + 1) * y)
eq1 : x ^ (k + 2) + 1 / x ^ (k + 2) = (x + 1 / x) * (x ^ (k + 1) + 1 / x ^ (k + 1)) - (x ^ k + 1 / x ^ k)
eq12 : cos y * cos (↑k * y + y) * 2 - cos (↑k * y) = cos (↑k * y + y * 2)
a✝ : cos y * cos (y * ↑(1 + k)) * 2 - cos (↑k * y) < cos (y * ↑(2 +
[ok ] pair_4c7ab903
[ok ] pair_4c39d86a
[ok ] pair_4cffc8e6
[ok ] pair_4d68f3d1
[ok ] pair_4d494975
[ok ] pair_4eec1381
[ok ] pair_4d25cb85
[ok ] pair_4fd720f4
[FAIL] pair_4f35c0f5  rc=1 :: /home/simon/ai_math_ept/mathlib4/eptx_work/pair_4f35c0f5_x.lean:12:8: error: No goals to be solved
/home/simon/ai_math_ept/mathlib4/eptx_work/pair_4f35c0f5_x.lean:31:6: error: No goals to be solved
/home/simon/ai_math_ept/mathlib4/eptx_work/pair_4f35c0f5_x.lean:266:21: warning: `String.trim` has been deprecated: Use `String.trimAscii` instead

Note: The updated constant has a different type:
  String → String.Slice
instead of
  String → String
[ok] inequalities_600041 term0: 7964 nodes, 15432 edges, 15432 visits
[ok] inequalities_600041 term: 19155 nodes, 36575 edges, 1 levels
[ok] inequalitie
[ok ] pair_51aae4ed
[ok ] pair_512e1ab2
[ok ] pair_517e0184
[FAIL] pair_52f16799  rc=1 :: /home/simon/ai_math_ept/mathlib4/eptx_work/pair_52f16799_x.lean:6:8: error(lean.unknownIdentifier): Unknown constant `Set.eq_empty_iff_forall_not_mem`
/home/simon/ai_math_ept/mathlib4/eptx_work/pair_52f16799_x.lean:6:41: warning: `Set.mem_setOf_eq` has been deprecated: Use `Set.mem_ofPred_eq` instead
/home/simon/ai_math_ept/mathlib4/eptx_work/pair_52f16799_x.lean:12:17: error: Function expected at
  h
but this term has type
  {x | x ^ 2 - 4 * x + a ^ 2 ≤ 0} = ∅

Note: Expected a function because this term is being applied to the argument
  x
/home/simon/ai_math_ept/mathlib4/eptx_work/pair_52f1
[ok ] pair_54aff7bc
[ok ] pair_535c413d
[FAIL] pair_55285261  rc=1 :: /home/simon/ai_math_ept/mathlib4/eptx_work/pair_55285261_x.lean:32:9: error(lean.unknownIdentifier): Unknown identifier `div_le_div_iff`
/home/simon/ai_math_ept/mathlib4/eptx_work/pair_55285261_x.lean:33:2: error: No goals to be solved
/home/simon/ai_math_ept/mathlib4/eptx_work/pair_55285261_x.lean:255:21: warning: `String.trim` has been deprecated: Use `String.trimAscii` instead

Note: The updated constant has a different type:
  String → String.Slice
instead of
  String → String
[ok] Inequalities_239474 term0: 12955 nodes, 25241 edges, 25241 visits
[ok] Inequalities_239474 term: 12955 nodes,
[FAIL] pair_55b8ecf1  rc=1 :: 4/eptx_work/pair_55b8ecf1_x.lean:23:8: error: No goals to be solved
/home/simon/ai_math_ept/mathlib4/eptx_work/pair_55b8ecf1_x.lean:23:8: error: No goals to be solved
/home/simon/ai_math_ept/mathlib4/eptx_work/pair_55b8ecf1_x.lean:23:8: error: No goals to be solved
/home/simon/ai_math_ept/mathlib4/eptx_work/pair_55b8ecf1_x.lean:23:8: error: No goals to be solved
/home/simon/ai_math_ept/mathlib4/eptx_work/pair_55b8ecf1_x.lean:23:8: error: No goals to be solved
/home/simon/ai_math_ept/mathlib4/eptx_work/pair_55b8ecf1_x.lean:23:8: error: No goals to be solved
/home/simon/ai_math_ept/mathlib4/eptx
[ok ] pair_564fee0e
[ok ] pair_55fe8a19
[ok ] pair_567a7178
[ok ] pair_5688be7b
[FAIL] pair_572dc7d4  rc=1 :: /home/simon/ai_math_ept/mathlib4/eptx_work/pair_572dc7d4_x.lean:13:4: error: `field_simp` made no progress on the goal
/home/simon/ai_math_ept/mathlib4/eptx_work/pair_572dc7d4_x.lean:28:8: warning: This simp argument is unused:
  Prod.ext_iff

Hint: Omit it from the simp argument list.
  [apply] simp [h1, h2]

Note: This linter can be disabled with `set_option linter.unusedSimpArgs false`
/home/simon/ai_math_ept/mathlib4/eptx_work/pair_572dc7d4_x.lean:251:21: warning: `String.trim` has been deprecated: Use `String.trimAscii` instead

Note: The updated constant has a different type:
  String → 
[ok ] pair_5816eda3
[ok ] pair_57c4dba0
[ok ] pair_58e22ef3
[ok ] pair_587b1256
[ok ] pair_5a6fca10
[FAIL] pair_5b255c96  rc=1 :: /home/simon/ai_math_ept/mathlib4/eptx_work/pair_5b255c96_x.lean:11:6: error(lean.unknownIdentifier): Unknown constant `Set.ncard_coe_Finset`
/home/simon/ai_math_ept/mathlib4/eptx_work/pair_5b255c96_x.lean:5:85: error: unsolved goals
h1 :
  {x | 1 ≤ x ∧ x ≤ 200 ∧ 3 ∣ x ∧ 5 ∣ x ∧ ¬4 ∣ x ∧ ¬7 ∣ x} =
    ↑({x ∈ Finset.Icc 0 200 | 1 ≤ x ∧ x ≤ 200 ∧ 3 ∣ x ∧ 5 ∣ x ∧ ¬4 ∣ x ∧ ¬7 ∣ x})
⊢ (↑({x ∈ Finset.Icc 0 200 | 1 ≤ x ∧ x ≤ 200 ∧ 3 ∣ x ∧ 5 ∣ x ∧ ¬4 ∣ x ∧ ¬7 ∣ x})).ncard = 9
/home/simon/ai_math_ept/mathlib4/eptx_work/pair_5b255c96_x.lean:234:21: warning: `String.trim` has been deprecated: Use `String.
[ok ] pair_59111b24
[ok ] pair_5a186a3d
[ok ] pair_5d026d45
[ok ] pair_5cf7a965
[FAIL] pair_5c1cd10b  rc=1 :: /home/simon/ai_math_ept/mathlib4/eptx_work/pair_5c1cd10b_x.lean:17:4: error: linarith failed to find a contradiction
case h1
y : ℕ
x : ℝ
hx2 : x ^ 2 - 8 * x + 60 > 0
hne : x ^ 2 - 8 * x + 60 ≠ 0
hx : ↑y = 2021 / (x * (x - 8) + 60)
a✝ : 2021 < ↑y * (x ^ 2 - 8 * x + 60)
⊢ False
failed
/home/simon/ai_math_ept/mathlib4/eptx_work/pair_5c1cd10b_x.lean:30:4: warning: `push_neg` has been deprecated. Prefer using `push Not` instead.
If you'd rather continue using `push_neg` in your project, you can implement it as follows:
```
open Lean.Parser.Tactic in
macro "push_neg" cfg:optConfig loc:(location)? : 
[ok ] pair_5daf2594
[ok ] pair_5eec702b
[ok ] pair_5ee839bd
[ok ] pair_5eff76b6
[ok ] pair_5df84962
[FAIL] pair_5f2b86ca  rc=1 :: /home/simon/ai_math_ept/mathlib4/eptx_work/pair_5f2b86ca_x.lean:29:8: error(lean.unknownIdentifier): Unknown constant `Real.sqrt_eq_iff_sq_eq`
/home/simon/ai_math_ept/mathlib4/eptx_work/pair_5f2b86ca_x.lean:34:8: error(lean.unknownIdentifier): Unknown constant `Real.sqrt_eq_iff_sq_eq`
/home/simon/ai_math_ept/mathlib4/eptx_work/pair_5f2b86ca_x.lean:39:8: error(lean.unknownIdentifier): Unknown constant `Real.sqrt_eq_iff_sq_eq`
/home/simon/ai_math_ept/mathlib4/eptx_work/pair_5f2b86ca_x.lean:44:8: error(lean.unknownIdentifier): Unknown constant `Real.sqrt_eq_iff_sq_eq`
/home/simon/ai_math_ept/math
[ok ] pair_5feca8f4
[ok ] pair_5f2e06a9
[FAIL] pair_600728af  rc=1 :: , q, r] → x ≠ 0
hp : p ≠ 0
hq : q ≠ 0
hr : r ≠ 0
H1 :
  f.roots.card = 3 →
    ∀ {k : ℕ},
      k ≤ 3 →
        f.coeff k =
          (-1) ^ (3 - k) *
            (Multiset.map Multiset.prod (Quot.liftOn f.roots (fun l => ↑(Multiset.powersetCardAux (3 - k) l)) ⋯)).sum
⊢ False
failed
/home/simon/ai_math_ept/mathlib4/eptx_work/pair_600728af_x.lean:62:4: error: No goals to be solved
/home/simon/ai_math_ept/mathlib4/eptx_work/pair_600728af_x.lean:48:10: warning: This simp argument is unused:
  h

Hint: Omit it from the simp argument list.
  [apply] simp [f4] at H1

Note: This linter can be disable
[ok ] pair_60565fc7
[ok ] pair_61c6d911
[ok ] pair_606263d6
[FAIL] pair_631baaf3  rc=1 :: /home/simon/ai_math_ept/mathlib4/eptx_work/pair_631baaf3_x.lean:25:39: error: unsolved goals
m : ℝ
M : Set ℝ
hM : M = {x | m * x - 1 = 0}
h : M ⊆ {x | x ^ 2 - 5 * x + 6 = 0}
h1 : ¬m = 0
h2 : m ≠ 0
h3 : ∀ (x : ℝ), m * x - 1 = 0 → x ^ 2 - 5 * x + 6 = 0
⊢ 1 - 1 = 0
/home/simon/ai_math_ept/mathlib4/eptx_work/pair_631baaf3_x.lean:292:21: warning: `String.trim` has been deprecated: Use `String.trimAscii` instead

Note: The updated constant has a different type:
  String → String.Slice
instead of
  String → String
[ok] algebra_157393 term0: 6383 nodes, 12079 edges, 12079 visits
[ok] algebra_157393 te
[ok ] pair_62b6e279
[ok ] pair_6357c298
[ok ] pair_63577ea4
[ok ] pair_6369b437
[ok ] pair_648874aa
[ok ] pair_665c7b43
[ok ] pair_66b87803
[ok ] pair_659419e1
[FAIL] pair_6709058c  rc=1 :: q_eq`
/home/simon/ai_math_ept/mathlib4/eptx_work/pair_6709058c_x.lean:68:4: warning: `push_neg` has been deprecated. Prefer using `push Not` instead.
If you'd rather continue using `push_neg` in your project, you can implement it as follows:
```
open Lean.Parser.Tactic in
macro "push_neg" cfg:optConfig loc:(location)? : tactic =>
  `(tactic| push $cfg:optConfig Not $[$loc]?)
```
/home/simon/ai_math_ept/mathlib4/eptx_work/pair_6709058c_x.lean:76:16: error(lean.unknownIdentifier): Unknown constant `Nat.pow_le_pow_of_le_left`
/home/simon/ai_math_ept/mathlib4/eptx_work/pair_6709058c_x.lean:83:8: w
[ok ] pair_677749e1
[FAIL] pair_68455911  rc=1 :: /home/simon/ai_math_ept/mathlib4/eptx_work/pair_68455911_x.lean:23:8: warning: `push_neg` has been deprecated. Prefer using `push Not` instead.
If you'd rather continue using `push_neg` in your project, you can implement it as follows:
```
open Lean.Parser.Tactic in
macro "push_neg" cfg:optConfig loc:(location)? : tactic =>
  `(tactic| push $cfg:optConfig Not $[$loc]?)
```
/home/simon/ai_math_ept/mathlib4/eptx_work/pair_68455911_x.lean:34:6: error(lean.unknownIdentifier): Unknown constant `Set.ncard_coe_Finset`
/home/simon/ai_math_ept/mathlib4/eptx_work/pair_68455911_x.lean:7:54: error: unsolv
[ok ] pair_6801c12d
[FAIL] pair_68858a6d  rc=1 :: /home/simon/ai_math_ept/mathlib4/eptx_work/pair_68858a6d_x.lean:20:10: error: linarith failed to find a contradiction
case h1
a d : ℝ
ha : a ≠ 0
h : a ^ 2 - 6 * a * d + 8 * d ^ 2 = 0
h1 : (a - 2 * d) * (a - 4 * d) = 0
h2 : a - 2 * d = 0
h4 : a = 2 * d
h6 : 2 * d ≠ 0
a✝ : d / d < 1
⊢ False
failed
/home/simon/ai_math_ept/mathlib4/eptx_work/pair_68858a6d_x.lean:33:10: error: linarith failed to find a contradiction
case h1
a d : ℝ
ha : a ≠ 0
h : a ^ 2 - 6 * a * d + 8 * d ^ 2 = 0
h1 : (a - 2 * d) * (a - 4 * d) = 0
h3 : a - 4 * d = 0
h7 : a = 4 * d
h9 : 4 * d ≠ 0
a✝ : d / d < 1
⊢ False
failed
/home/
[ok ] pair_68e74a3f
[ok ] pair_69286778
[ok ] pair_6920c5e4
[ok ] pair_6b6aeee2
[FAIL] pair_6a6d5739  rc=1 :: /home/simon/ai_math_ept/mathlib4/eptx_work/pair_6a6d5739_x.lean:20:6: error: No goals to be solved
/home/simon/ai_math_ept/mathlib4/eptx_work/pair_6a6d5739_x.lean:249:21: warning: `String.trim` has been deprecated: Use `String.trimAscii` instead

Note: The updated constant has a different type:
  String → String.Slice
instead of
  String → String
[ok] inequalities_618378 term0: 13154 nodes, 25782 edges, 25782 visits
[ok] inequalities_618378 term: 13154 nodes, 25782 edges, 0 levels
[ok] inequalities_618378 decl: 10983 nodes, 231945 edges, 30 levels

[ok ] pair_6ba505c0
[ok ] pair_6bcfd203
[FAIL] pair_6c09f387  rc=1 :: /home/simon/ai_math_ept/mathlib4/eptx_work/pair_6c09f387_x.lean:51:4: warning: `push_neg` has been deprecated. Prefer using `push Not` instead.
If you'd rather continue using `push_neg` in your project, you can implement it as follows:
```
open Lean.Parser.Tactic in
macro "push_neg" cfg:optConfig loc:(location)? : tactic =>
  `(tactic| push $cfg:optConfig Not $[$loc]?)
```
/home/simon/ai_math_ept/mathlib4/eptx_work/pair_6c09f387_x.lean:57:4: warning: `push_neg` has been deprecated. Prefer using `push Not` instead.
If you'd rather continue using `push_neg` in your project, you can implement it 
[ok ] pair_6d3a0d6c
[ok ] pair_6d779213
[ok ] pair_6e98ad25
[ok ] pair_7007ed35
[FAIL] pair_701fe448  rc=1 :: /home/simon/ai_math_ept/mathlib4/eptx_work/pair_701fe448_x.lean:5:164: error: unsolved goals
x : ℕ
⊢ (100 ≤ x ∧ x ≤ 999) ∧ (3874 * x + 481) % 23 = 9 ↔ x ∈ {x ∈ Finset.Icc 100 999 | (3874 * x + 481) % 23 = 9}
/home/simon/ai_math_ept/mathlib4/eptx_work/pair_701fe448_x.lean:233:21: warning: `String.trim` has been deprecated: Use `String.trimAscii` instead

Note: The updated constant has a different type:
  String → String.Slice
instead of
  String → String
[ok] number_theory_14989 term0: 384 nodes, 595 edges, 595 visits
[ok] number_theory_14989 term: 12375 nodes, 23604 edges, 3 levels
[ok] number
[ok ] pair_7187bdc5
[FAIL] pair_72211475  rc=1 :: 11475_x.lean:19:25: error: No goals to be solved
/home/simon/ai_math_ept/mathlib4/eptx_work/pair_72211475_x.lean:19:25: error: No goals to be solved
/home/simon/ai_math_ept/mathlib4/eptx_work/pair_72211475_x.lean:19:25: error: No goals to be solved
/home/simon/ai_math_ept/mathlib4/eptx_work/pair_72211475_x.lean:19:25: error: No goals to be solved
/home/simon/ai_math_ept/mathlib4/eptx_work/pair_72211475_x.lean:19:25: error: No goals to be solved
/home/simon/ai_math_ept/mathlib4/eptx_work/pair_72211475_x.lean:19:25: error: No goals to be solved
/home/simon/ai_math_ept/mathlib4/eptx_work/pair_722
[ok ] pair_71cf0c00
[ok ] pair_706e7c21
[ok ] pair_722331ce
[ok ] pair_738253dc
[FAIL] pair_7287b6df  rc=1 :: /home/simon/ai_math_ept/mathlib4/eptx_work/pair_7287b6df_x.lean:15:12: error(lean.unknownIdentifier): Unknown constant `Real.sqrt_eq_iff_sq_eq`
/home/simon/ai_math_ept/mathlib4/eptx_work/pair_7287b6df_x.lean:25:4: warning: `push_neg` has been deprecated. Prefer using `push Not` instead.
If you'd rather continue using `push_neg` in your project, you can implement it as follows:
```
open Lean.Parser.Tactic in
macro "push_neg" cfg:optConfig loc:(location)? : tactic =>
  `(tactic| push $cfg:optConfig Not $[$loc]?)
```
/home/simon/ai_math_ept/mathlib4/eptx_work/pair_7287b6df_x.lean:273:21: warning:
[ok ] pair_73bd6122
[ok ] pair_7415487b
[ok ] pair_76494dbd
[ok ] pair_75897832
[ok ] pair_759606e4
[ok ] pair_7580a01f
[ok ] pair_77658e38
[ok ] pair_77cdd95e
[ok ] pair_78234522
[ok ] pair_788625c0
[ok ] pair_7a30a024
[ok ] pair_7a9abe33
[FAIL] pair_79d7166e  rc=1 :: /home/simon/ai_math_ept/mathlib4/eptx_work/pair_79d7166e_x.lean:17:12: error(lean.unknownIdentifier): Unknown constant `Real.sqrt_eq_iff_sq_eq`
/home/simon/ai_math_ept/mathlib4/eptx_work/pair_79d7166e_x.lean:25:12: error(lean.unknownIdentifier): Unknown constant `Real.sqrt_eq_iff_sq_eq`
/home/simon/ai_math_ept/mathlib4/eptx_work/pair_79d7166e_x.lean:284:21: warning: `String.trim` has been deprecated: Use `String.trimAscii` instead

Note: The updated constant has a different type:
  String → String.Slice
instead of
  String → String
[ok] algebra_15054 term0: 20516 nodes, 40092 edges, 40092 visi
[ok ] pair_7b176d5c
[ok ] pair_7b0b98d6
[FAIL] pair_7bfb79d1  rc=1 :: /home/simon/ai_math_ept/mathlib4/eptx_work/pair_7bfb79d1_x.lean:23:15: error(lean.unknownIdentifier): Unknown constant `Polynomial.prod_roots_eq_coeff_zero_of_monic_of_splits`
/home/simon/ai_math_ept/mathlib4/eptx_work/pair_7bfb79d1_x.lean:41:12: error: Tactic `rewrite` failed: Did not find an occurrence of the pattern
  p * q * r
in the target expression
  0 * p * 2 * q * r ≤ 2 * ((q + p * 2) * r + p * q * 3) - p * q * 3 * r

p q r a b : ℝ
f : ℝ[X]
hf : f = X ^ 3 - C a * X ^ 2 + C b * X - C 48
hmo : f.Monic
h_pos : 0 < p
h_lt : p < q
h_lt2 : q < r
h_roots : f.roots = ↑[p, q, r]
prod_eq : p * 
[FAIL] pair_7c5427fa  rc=1 :: /home/simon/ai_math_ept/mathlib4/eptx_work/pair_7c5427fa_x.lean:94:4: error: No goals to be solved
/home/simon/ai_math_ept/mathlib4/eptx_work/pair_7c5427fa_x.lean:335:21: warning: `String.trim` has been deprecated: Use `String.trimAscii` instead

Note: The updated constant has a different type:
  String → String.Slice
instead of
  String → String
[ok] algebra_9214 term0: 12189 nodes, 23525 edges, 23525 visits
[ok] algebra_9214 term: 12189 nodes, 23525 edges, 0 levels
[ok] algebra_9214 decl: 12847 nodes, 274370 edges, 11 levels

[ok ] pair_7cb6be3d
[ok ] pair_7f6de6ca
[ok ] pair_7f32ef1d
[ok ] pair_7fda4fb2
[FAIL] pair_8016ed30  rc=1 :: 16ed30_x.lean:26:25: error: No goals to be solved
/home/simon/ai_math_ept/mathlib4/eptx_work/pair_8016ed30_x.lean:26:25: error: No goals to be solved
/home/simon/ai_math_ept/mathlib4/eptx_work/pair_8016ed30_x.lean:26:25: error: No goals to be solved
/home/simon/ai_math_ept/mathlib4/eptx_work/pair_8016ed30_x.lean:26:25: error: No goals to be solved
/home/simon/ai_math_ept/mathlib4/eptx_work/pair_8016ed30_x.lean:26:25: error: No goals to be solved
/home/simon/ai_math_ept/mathlib4/eptx_work/pair_8016ed30_x.lean:26:25: error: No goals to be solved
/home/simon/ai_math_ept/mathlib4/eptx_work/pair_80
[ok ] pair_7f8597bd
[ok ] pair_807fa532
[ok ] pair_81db3cca
[ok ] pair_80de1ec1
[ok ] pair_80fc276c
[ok ] pair_81dfa8e6
[ok ] pair_82f26bd9
[ok ] pair_84334dbe
[ok ] pair_842aefbb
[ok ] pair_849a0a8a
[ok ] pair_84cbeacd
[FAIL] pair_84da66e6  rc=1 :: /home/simon/ai_math_ept/mathlib4/eptx_work/pair_84da66e6_x.lean:51:12: error(lean.unknownIdentifier): Unknown constant `Nat.dvd_sub'`
/home/simon/ai_math_ept/mathlib4/eptx_work/pair_84da66e6_x.lean:52:6: error: No goals to be solved
/home/simon/ai_math_ept/mathlib4/eptx_work/pair_84da66e6_x.lean:299:21: warning: `String.trim` has been deprecated: Use `String.trimAscii` instead

Note: The updated constant has a different type:
  String → String.Slice
instead of
  String → String
[ok] number_theory_151634 term0: 8132 nodes, 15614 edges, 15614 visits
[ok] number_theory_151634 term: 21499 nodes, 4
[ok ] pair_87179bc6
[ok ] pair_85381100
[ok ] pair_85e41370
[ok ] pair_877062a7
[ok ] pair_87ba057a
[ok ] pair_8793031c
[ok ] pair_88c15796
[ok ] pair_87d2dbfe
[ok ] pair_88838551
[ok ] pair_8956508b
[ok ] pair_896a11b6
[ok ] pair_89c9c092
[ok ] pair_89e16f38
[ok ] pair_8a465ac4
[FAIL] pair_8a81e6cf  rc=1 :: , you can implement it as follows:
```
open Lean.Parser.Tactic in
macro "push_neg" cfg:optConfig loc:(location)? : tactic =>
  `(tactic| push $cfg:optConfig Not $[$loc]?)
```
/home/simon/ai_math_ept/mathlib4/eptx_work/pair_8a81e6cf_x.lean:30:6: warning: `push_neg` has been deprecated. Prefer using `push Not` instead.
If you'd rather continue using `push_neg` in your project, you can implement it as follows:
```
open Lean.Parser.Tactic in
macro "push_neg" cfg:optConfig loc:(location)? : tactic =>
  `(tactic| push $cfg:optConfig Not $[$loc]?)
```
/home/simon/ai_math_ept/mathlib4/eptx_work/pair_8
[FAIL] pair_8b90dce5  rc=1 :: thlib4/eptx_work/pair_8b90dce5_x.lean:14:10: warning: This simp argument is unused:
  deriv_pow

Hint: Omit it from the simp argument list.
  [apply] simp [deriv_const, deriv_add, deriv_sub, deriv_mul, mul_comm]

Note: This linter can be disabled with `set_option linter.unusedSimpArgs false`
/home/simon/ai_math_ept/mathlib4/eptx_work/pair_8b90dce5_x.lean:14:21: warning: This simp argument is unused:
  deriv_const

Hint: Omit it from the simp argument list.
  [apply] simp [deriv_pow, deriv_add, deriv_sub, deriv_mul, mul_comm]

Note: This linter can be disabled with `set_option linter.unusedSimp
[ok ] pair_8a45bd25
[FAIL] pair_8bccc147  rc=1 :: /home/simon/ai_math_ept/mathlib4/eptx_work/pair_8bccc147_x.lean:18:4: warning: `push_neg` has been deprecated. Prefer using `push Not` instead.
If you'd rather continue using `push_neg` in your project, you can implement it as follows:
```
open Lean.Parser.Tactic in
macro "push_neg" cfg:optConfig loc:(location)? : tactic =>
  `(tactic| push $cfg:optConfig Not $[$loc]?)
```
/home/simon/ai_math_ept/mathlib4/eptx_work/pair_8bccc147_x.lean:22:6: warning: `push_neg` has been deprecated. Prefer using `push Not` instead.
If you'd rather continue using `push_neg` in your project, you can implement it 
[ok ] pair_8d6d2aa2
[ok ] pair_8e82b67b
[FAIL] pair_916a65a8  rc=1 :: Try this:
  [apply] ring_nf
  
  The `ring` tactic failed to close the goal. Use `ring_nf` to obtain a normal form.
    
  Note that `ring` works primarily in *commutative* rings. If you have a noncommutative ring, abelian group or module, consider using `noncomm_ring`, `abel` or `module` instead.
/home/simon/ai_math_ept/mathlib4/eptx_work/pair_916a65a8_x.lean:16:4: error: unsolved goals
case succ
a : ℕ → ℝ
a0 : a 0 = 2
arec : ∀ (n : ℕ), a (n + 1) = a n / (1 + a n)
k : ℕ
h' : a k = 2 / (2 * ↑k + 1)
h3 : a (k + 1) = a k / (1 + a k)
⊢ 1 + ↑(1 + k) * 2 = 3 + ↑k * 2
/home/simon/ai_math_ept/mathlib
[ok ] pair_915d7da0
[ok ] pair_919a0d3c
[FAIL] pair_8e7faa3b  rc=1 :: ement it as follows:
```
open Lean.Parser.Tactic in
macro "push_neg" cfg:optConfig loc:(location)? : tactic =>
  `(tactic| push $cfg:optConfig Not $[$loc]?)
```
/home/simon/ai_math_ept/mathlib4/eptx_work/pair_8e7faa3b_x.lean:31:22: error: (deterministic) timeout at `whnf`, maximum number of heartbeats (200000) has been reached

Note: Use `set_option maxHeartbeats <num>` to set the limit.

Hint: Additional diagnostic information may be available using the `set_option diagnostics true` command.
/home/simon/ai_math_ept/mathlib4/eptx_work/pair_8e7faa3b_x.lean:33:8: error: (deterministic) timeout a
[FAIL] pair_9216aca3  rc=1 :: 4/eptx_work/pair_9216aca3_x.lean:25:8: error: No goals to be solved
/home/simon/ai_math_ept/mathlib4/eptx_work/pair_9216aca3_x.lean:25:8: error: No goals to be solved
/home/simon/ai_math_ept/mathlib4/eptx_work/pair_9216aca3_x.lean:25:8: error: No goals to be solved
/home/simon/ai_math_ept/mathlib4/eptx_work/pair_9216aca3_x.lean:25:8: error: No goals to be solved
/home/simon/ai_math_ept/mathlib4/eptx_work/pair_9216aca3_x.lean:25:8: error: No goals to be solved
/home/simon/ai_math_ept/mathlib4/eptx_work/pair_9216aca3_x.lean:25:8: error: No goals to be solved
/home/simon/ai_math_ept/mathlib4/eptx
[ok ] pair_92daf189
[ok ] pair_9337fb95
[ok ] pair_93b3229a
[ok ] pair_95cc16d3
[ok ] pair_93e96c29
[FAIL] pair_94602a37  rc=1 :: /home/simon/ai_math_ept/mathlib4/eptx_work/pair_94602a37_x.lean:14:67: error: unsolved goals
h1 : Real.logb 14 2401 = 4 * Real.logb 14 7
h2 : Real.logb 14 49 = 2 * Real.logb 14 7
⊢ Real.logb 28 56 = Real.logb 14 56 / Real.logb 14 28
/home/simon/ai_math_ept/mathlib4/eptx_work/pair_94602a37_x.lean:82:8: error: `field_simp` made no progress on the goal
/home/simon/ai_math_ept/mathlib4/eptx_work/pair_94602a37_x.lean:309:21: warning: `String.trim` has been deprecated: Use `String.trimAscii` instead

Note: The updated constant has a different type:
  String → String.Slice
instead of
  String → Strin
[ok ] pair_95ff000b
[ok ] pair_965e479d
[FAIL] pair_97ce892f  rc=1 :: /home/simon/ai_math_ept/mathlib4/eptx_work/pair_97ce892f_x.lean:23:17: error(lean.unknownIdentifier): Unknown identifier `lt_div_iff'`
/home/simon/ai_math_ept/mathlib4/eptx_work/pair_97ce892f_x.lean:24:10: error: No goals to be solved
/home/simon/ai_math_ept/mathlib4/eptx_work/pair_97ce892f_x.lean:34:17: error(lean.unknownIdentifier): Unknown identifier `div_lt_iff'`
/home/simon/ai_math_ept/mathlib4/eptx_work/pair_97ce892f_x.lean:35:10: error: No goals to be solved
/home/simon/ai_math_ept/mathlib4/eptx_work/pair_97ce892f_x.lean:55:17: error(lean.unknownIdentifier): Unknown identifier `lt_div_i
[ok ] pair_98273f65
[ok ] pair_965489cb
[ok ] pair_994abb32
[ok ] pair_99ea5bb6
[ok ] pair_99eea8ae
[ok ] pair_991e5429
[ok ] pair_9a49a7d5
[ok ] pair_9a43f44e
[ok ] pair_9a64ef28
[ok ] pair_9b461a0f
[ok ] pair_9a76e23c
[ok ] pair_9af28884
[ok ] pair_9a84ead7
[ok ] pair_9d3572bb
[ok ] pair_9e7751c1
[FAIL] pair_9c8d40df  rc=1 :: /home/simon/ai_math_ept/mathlib4/eptx_work/pair_9c8d40df_x.lean:19:4: error: `field_simp` made no progress on the goal
/home/simon/ai_math_ept/mathlib4/eptx_work/pair_9c8d40df_x.lean:33:4: error: `field_simp` made no progress on the goal
/home/simon/ai_math_ept/mathlib4/eptx_work/pair_9c8d40df_x.lean:47:4: error: `field_simp` made no progress on the goal
/home/simon/ai_math_ept/mathlib4/eptx_work/pair_9c8d40df_x.lean:61:4: error: `field_simp` made no progress on the goal
/home/simon/ai_math_ept/mathlib4/eptx_work/pair_9c8d40df_x.lean:75:4: error: `field_simp` made no progress on the goal
/home
[ok ] pair_9d50620a
[ok ] pair_9effdc53
[ok ] pair_9f0d7c77
[ok ] pair_a00e8681
[ok ] pair_a0095248
[ok ] pair_a10926bc
[ok ] pair_a39ff5f8
[ok ] pair_a302a9d8
[ok ] pair_a4fd0d21
[ok ] pair_a41e71a8
[ok ] pair_a3b6f8e9
[FAIL] pair_a4f257d5  rc=1 :: /home/simon/ai_math_ept/mathlib4/eptx_work/pair_a4f257d5_x.lean:15:6: error: No goals to be solved
/home/simon/ai_math_ept/mathlib4/eptx_work/pair_a4f257d5_x.lean:244:21: warning: `String.trim` has been deprecated: Use `String.trimAscii` instead

Note: The updated constant has a different type:
  String → String.Slice
instead of
  String → String
[ok] inequalities_60401 term0: 9157 nodes, 17722 edges, 17722 visits
[ok] inequalities_60401 term: 27165 nodes, 52339 edges, 1 levels
[ok] inequalities_60401 decl: 11050 nodes, 234582 edges, 30 levels

[FAIL] pair_a6d289a6  rc=1 :: /home/simon/ai_math_ept/mathlib4/eptx_work/pair_a6d289a6_x.lean:28:14: error(lean.unknownIdentifier): Unknown constant `Nat.dvd_sub'`
/home/simon/ai_math_ept/mathlib4/eptx_work/pair_a6d289a6_x.lean:29:8: error: No goals to be solved
/home/simon/ai_math_ept/mathlib4/eptx_work/pair_a6d289a6_x.lean:261:21: warning: `String.trim` has been deprecated: Use `String.trimAscii` instead

Note: The updated constant has a different type:
  String → String.Slice
instead of
  String → String
[ok] number_theory_11389 term0: 1473 nodes, 2511 edges, 2511 visits
[ok] number_theory_11389 term: 29608 nodes, 56600
[ok ] pair_a57e4b7b
[ok ] pair_aa25e669
[FAIL] pair_a6e402d7  rc=1 :: /home/simon/ai_math_ept/mathlib4/eptx_work/pair_a6e402d7_x.lean:19:10: error: No goals to be solved
/home/simon/ai_math_ept/mathlib4/eptx_work/pair_a6e402d7_x.lean:40:12: error: No goals to be solved
/home/simon/ai_math_ept/mathlib4/eptx_work/pair_a6e402d7_x.lean:55:12: error: No goals to be solved
/home/simon/ai_math_ept/mathlib4/eptx_work/pair_a6e402d7_x.lean:70:12: error: No goals to be solved
/home/simon/ai_math_ept/mathlib4/eptx_work/pair_a6e402d7_x.lean:303:21: warning: `String.trim` has been deprecated: Use `String.trimAscii` instead

Note: The updated constant has a different type:
  S
[ok ] pair_ab0f093e
[ok ] pair_acbd062f
[ok ] pair_ad39313c
[FAIL] pair_ad18a26b  rc=1 :: /home/simon/ai_math_ept/mathlib4/eptx_work/pair_ad18a26b_x.lean:18:16: error(lean.unknownIdentifier): Unknown identifier `pow_le_pow_right`
/home/simon/ai_math_ept/mathlib4/eptx_work/pair_ad18a26b_x.lean:23:15: error(lean.unknownIdentifier): Unknown identifier `div_le_div_iff`
/home/simon/ai_math_ept/mathlib4/eptx_work/pair_ad18a26b_x.lean:24:8: error: No goals to be solved
/home/simon/ai_math_ept/mathlib4/eptx_work/pair_ad18a26b_x.lean:319:21: warning: `String.trim` has been deprecated: Use `String.trimAscii` instead

Note: The updated constant has a different type:
  String → String.Slice
in
[FAIL] pair_ad62fc3e  rc=1 :: /home/simon/ai_math_ept/mathlib4/eptx_work/pair_ad62fc3e_x.lean:11:10: error(lean.unknownIdentifier): Unknown constant `Real.sqrt_eq_iff_sq_eq`
/home/simon/ai_math_ept/mathlib4/eptx_work/pair_ad62fc3e_x.lean:16:4: warning: `push_neg` has been deprecated. Prefer using `push Not` instead.
If you'd rather continue using `push_neg` in your project, you can implement it as follows:
```
open Lean.Parser.Tactic in
macro "push_neg" cfg:optConfig loc:(location)? : tactic =>
  `(tactic| push $cfg:optConfig Not $[$loc]?)
```
/home/simon/ai_math_ept/mathlib4/eptx_work/pair_ad62fc3e_x.lean:285:21: warning:
[FAIL] pair_ad4ad267  rc=1 :: /home/simon/ai_math_ept/mathlib4/eptx_work/pair_ad4ad267_x.lean:45:14: error(lean.unknownIdentifier): Unknown constant `Nat.dvd_sub'`
/home/simon/ai_math_ept/mathlib4/eptx_work/pair_ad4ad267_x.lean:46:8: error: No goals to be solved
/home/simon/ai_math_ept/mathlib4/eptx_work/pair_ad4ad267_x.lean:59:28: error: No goals to be solved
/home/simon/ai_math_ept/mathlib4/eptx_work/pair_ad4ad267_x.lean:59:28: error: No goals to be solved
/home/simon/ai_math_ept/mathlib4/eptx_work/pair_ad4ad267_x.lean:59:28: error: No goals to be solved
/home/simon/ai_math_ept/mathlib4/eptx_work/pair_ad4ad267_x.lean:59:
[ok ] pair_ae900f0c
[ok ] pair_ae9ff2a1
[ok ] pair_af58b0a0
[FAIL] pair_b151469f  rc=1 :: /home/simon/ai_math_ept/mathlib4/eptx_work/pair_b151469f_x.lean:20:12: error(lean.unknownIdentifier): Unknown constant `Prod.mk.inj_iff`
/home/simon/ai_math_ept/mathlib4/eptx_work/pair_b151469f_x.lean:24:12: error(lean.unknownIdentifier): Unknown constant `Prod.mk.inj_iff`
/home/simon/ai_math_ept/mathlib4/eptx_work/pair_b151469f_x.lean:248:21: warning: `String.trim` has been deprecated: Use `String.trimAscii` instead

Note: The updated constant has a different type:
  String → String.Slice
instead of
  String → String
[ok] number_theory_604194 term0: 43356 nodes, 84687 edges, 84687 visits
[ok]
[ok ] pair_b0ad8896
[ok ] pair_b1947faf
[ok ] pair_b21abbab
[FAIL] pair_b2674d55  rc=1 :: /home/simon/ai_math_ept/mathlib4/eptx_work/pair_b2674d55_x.lean:29:6: error: linarith failed to find a contradiction
case h1
y : ℤ
x : ℝ
hx : ↑y = 2244 / (x ^ 2 - 12 * x + 67)
h1 : x ^ 2 - 12 * x + 67 > 0
eq : ↑y = 2244 / (x * (x - 12) + 67)
a✝ : ↑y * (x * (x - 12) + 67) < 2244
⊢ False
failed
/home/simon/ai_math_ept/mathlib4/eptx_work/pair_b2674d55_x.lean:31:4: warning: `push_neg` has been deprecated. Prefer using `push Not` instead.
If you'd rather continue using `push_neg` in your project, you can implement it as follows:
```
open Lean.Parser.Tactic in
macro "push_neg" cfg:optConfig loc:(loc
[ok ] pair_b1a1594e
[ok ] pair_b39511ce
[ok ] pair_b4b63346
[ok ] pair_b40cb2db
[ok ] pair_b4d61cac
[ok ] pair_b4b897fd
[ok ] pair_b5dab1a1
[ok ] pair_b7bb3d8e
[ok ] pair_b94f69f4
[ok ] pair_b999f6b1
[ok ] pair_b9bbcc78
[ok ] pair_ba39d0a3
[ok ] pair_bb5a8572
[ok ] pair_bc3e9c75
[ok ] pair_babc83eb
[ok ] pair_bde52c9a
[ok ] pair_beb0794d
[ok ] pair_bf349feb
[ok ] pair_bf40e969
[ok ] pair_bf419b23
[ok ] pair_bd329034
[ok ] pair_bf476baa
[ok ] pair_c021c917
[ok ] pair_bfdd51b8
[FAIL] pair_c0c7a36e  rc=1 :: Try this:
  [apply] ring_nf
  
  The `ring` tactic failed to close the goal. Use `ring_nf` to obtain a normal form.
    
  Note that `ring` works primarily in *commutative* rings. If you have a noncommutative ring, abelian group or module, consider using `noncomm_ring`, `abel` or `module` instead.
/home/simon/ai_math_ept/mathlib4/eptx_work/pair_c0c7a36e_x.lean:33:118: error: unsolved goals
x a b : ℝ
ha : 0 < a
hb : 0 < b
h1 : a > b
hx : x = a ^ 2 + 1 / (b * (a - b))
h3 : b * (a - b) > 0
⊢ a ^ 2 * b - b * 4 + (a - b)⁻¹ =
    -(a * b * (a - b)⁻¹ * 4) - a ^ 2 * b ^ 2 * (a - b)⁻¹ + a ^ 3 * b * (a 
[ok ] pair_c0d3928e
[ok ] pair_c2ce0366
[ok ] pair_c287c8cc
[ok ] pair_c3b332ce
[ok ] pair_c3a8e335
[FAIL] pair_c42bc5b1  rc=1 :: /home/simon/ai_math_ept/mathlib4/eptx_work/pair_c42bc5b1_x.lean:7:53: warning: exponent 2013 exceeds the threshold 256, exponentiation operation was not evaluated, use `set_option exponentiation.threshold <num>` to set a new threshold
Try this:
  [apply] ring_nf
  
  The `ring` tactic failed to close the goal. Use `ring_nf` to obtain a normal form.
    
  Note that `ring` works primarily in *commutative* rings. If you have a noncommutative ring, abelian group or module, consider using `noncomm_ring`, `abel` or `module` instead.
/home/simon/ai_math_ept/mathlib4/eptx_work/pair_c42bc5b1_x.lean:7:
[ok ] pair_c4537555
[ok ] pair_c4d62175
[ok ] pair_c5fb8da2
[ok ] pair_c682b8c7
[FAIL] pair_c6a13d04  rc=1 :: /home/simon/ai_math_ept/mathlib4/eptx_work/pair_c6a13d04_x.lean:49:16: error(lean.unknownIdentifier): Unknown constant `Real.sqrt_eq_iff_sq_eq`
/home/simon/ai_math_ept/mathlib4/eptx_work/pair_c6a13d04_x.lean:289:21: warning: `String.trim` has been deprecated: Use `String.trimAscii` instead

Note: The updated constant has a different type:
  String → String.Slice
instead of
  String → String
[ok] algebra_275734 term0: 9134 nodes, 17760 edges, 17760 visits
[ok] algebra_275734 term: 20790 nodes, 40000 edges, 1 levels
[ok] algebra_275734 decl: 11060 nodes, 235014 edges, 29 levels

[ok ] pair_c4fe0db7
[ok ] pair_c722018c
[ok ] pair_c7a11f6b
[FAIL] pair_c76ace53  rc=1 :: /home/simon/ai_math_ept/mathlib4/eptx_work/pair_c76ace53_x.lean:19:4: warning: `push_neg` has been deprecated. Prefer using `push Not` instead.
If you'd rather continue using `push_neg` in your project, you can implement it as follows:
```
open Lean.Parser.Tactic in
macro "push_neg" cfg:optConfig loc:(location)? : tactic =>
  `(tactic| push $cfg:optConfig Not $[$loc]?)
```
/home/simon/ai_math_ept/mathlib4/eptx_work/pair_c76ace53_x.lean:26:25: error: No goals to be solved
/home/simon/ai_math_ept/mathlib4/eptx_work/pair_c76ace53_x.lean:26:25: error: No goals to be solved
/home/simon/ai_math_ept/
[ok ] pair_c8cf6c63
[ok ] pair_c84a0169
[FAIL] pair_ca2874ed  rc=1 :: /home/simon/ai_math_ept/mathlib4/eptx_work/pair_ca2874ed_x.lean:9:8: error(lean.unknownIdentifier): Unknown constant `Real.sqrt_eq_iff_sq_eq`
/home/simon/ai_math_ept/mathlib4/eptx_work/pair_ca2874ed_x.lean:238:21: warning: `String.trim` has been deprecated: Use `String.trimAscii` instead

Note: The updated constant has a different type:
  String → String.Slice
instead of
  String → String
[ok] algebra_9320 term0: 1639 nodes, 2857 edges, 2857 visits
[ok] algebra_9320 term: 14532 nodes, 27541 edges, 1 levels
[ok] algebra_9320 decl: 10864 nodes, 230299 edges, 29 levels

[ok ] pair_cb3b726a
[FAIL] pair_ca2ed0ca  rc=1 :: /home/simon/ai_math_ept/mathlib4/eptx_work/pair_ca2ed0ca_x.lean:19:80: error: unsolved goals
h1 : logb 2011 2011 = 1
⊢ logb (2011 ^ 2) 2011 * log (2011 ^ 2) = log 2011
/home/simon/ai_math_ept/mathlib4/eptx_work/pair_ca2ed0ca_x.lean:42:48: error: unsolved goals
z x y : ℝ
hx : x > 1
hy : y > 1
hz : z = (logb x 2011 + logb y 2011) / logb (x * y) 2011
hx1 : log x > 0
hy1 : log y > 0
⊢ logb x 2011 * log x = log 2011
/home/simon/ai_math_ept/mathlib4/eptx_work/pair_ca2ed0ca_x.lean:44:48: error: unsolved goals
z x y : ℝ
hx : x > 1
hy : y > 1
hz : z = (logb x 2011 + logb y 2011) / logb (x * y) 2011
hx1
[ok ] pair_c9acf82e
[ok ] pair_cc98e98a
[ok ] pair_cd6e37be
[FAIL] pair_ce282cda  rc=1 :: /home/simon/ai_math_ept/mathlib4/eptx_work/pair_ce282cda_x.lean:5:173: error: unexpected token ':='; expected term
/home/simon/ai_math_ept/mathlib4/eptx_work/pair_ce282cda_x.lean:262:21: warning: `String.trim` has been deprecated: Use `String.trimAscii` instead

Note: The updated constant has a different type:
  String → String.Slice
instead of
  String → String
[fail] AIME_Algebra_724: declaration AIME_Algebra_724 not found

[ok ] pair_cc4ae138
[ok ] pair_ce95c511
[ok ] pair_ce354bfd
[ok ] pair_ce9aff5a
[ok ] pair_cfd687db
[ok ] pair_d020f221
[ok ] pair_d0c1af2e
[ok ] pair_d0941621
[ok ] pair_cffa85ea
[FAIL] pair_d14f424f  rc=1 :: /home/simon/ai_math_ept/mathlib4/eptx_work/pair_d14f424f_x.lean:6:8: error(lean.unknownIdentifier): Unknown constant `Real.sqrt_eq_iff_sq_eq`
/home/simon/ai_math_ept/mathlib4/eptx_work/pair_d14f424f_x.lean:15:8: error(lean.unknownIdentifier): Unknown constant `Real.sqrt_eq_iff_sq_eq`
/home/simon/ai_math_ept/mathlib4/eptx_work/pair_d14f424f_x.lean:21:8: error(lean.unknownIdentifier): Unknown constant `Real.sqrt_eq_iff_sq_eq`
/home/simon/ai_math_ept/mathlib4/eptx_work/pair_d14f424f_x.lean:30:6: error(lean.unknownIdentifier): Unknown constant `Real.sqrt_eq_iff_sq_eq`
/home/simon/ai_math_ept/mathl
[ok ] pair_d43fae54
[ok ] pair_d339e847
[ok ] pair_d2343074
[FAIL] pair_d4f64e9c  rc=1 :: /home/simon/ai_math_ept/mathlib4/eptx_work/pair_d4f64e9c_x.lean:34:67: error: unsolved goals
α β : ℝ
h : sin (α + β) / sin (α - β) = 3
h1 : sin (α - β) ≠ 0
h2 : sin α * cos β + cos α * sin β = 3 * (sin α * cos β - cos α * sin β)
h3 : sin (α + β) = sin α * cos β + cos α * sin β
h4 : sin (α - β) = sin α * cos β - cos α * sin β
h5 : 2 * cos α * sin β = sin α * cos β
⊢ tan α / tan β = sin α * cos β / (cos α * sin β)
/home/simon/ai_math_ept/mathlib4/eptx_work/pair_d4f64e9c_x.lean:312:21: warning: `String.trim` has been deprecated: Use `String.trimAscii` instead

Note: The updated constant has a dif
[ok ] pair_d71a4f84
[ok ] pair_d72cfd93
[ok ] pair_d869cc1a
[ok ] pair_d78203e9
[ok ] pair_d746cf8d
[FAIL] pair_d8f4a871  rc=1 :: 
⊢ ∑ i ∈ Finset.range 5, a i ≤ 1000

case «6»
a x y : ℕ → ℝ
hx0 : x 0 = 1
hy0 : y 0 = 0
hx : ∀ (n : ℕ), x (n + 1) = x n - y n
hy : ∀ (n : ℕ), y (n + 1) = x n + y n
n : ℕ
hn : 6 ∈ {n | ∑ i ∈ Finset.range n, a i > 1000}
h1 : ∑ i ∈ Finset.range 6, a i > 1000
ha : ∀ (n : ℕ), 2 ^ n = (x (n + 1) - x n) * (x (n + 2) - x (n + 1)) + (y (n + 1) - y n) * (y (n + 2) - y (n + 1))
ha1 h : True
⊢ ∑ i ∈ Finset.range 6, a i ≤ 1000

case «7»
a x y : ℕ → ℝ
hx0 : x 0 = 1
hy0 : y 0 = 0
hx : ∀ (n : ℕ), x (n + 1) = x n - y n
hy : ∀ (n : ℕ), y (n + 1) = x n + y n
n : ℕ
hn : 7 ∈ {n | ∑ i ∈ Finset.range n, a i > 1000}

[ok ] pair_d92632b4
[ok ] pair_d9e524cd
[FAIL] pair_daf50f9f  rc=1 :: /home/simon/ai_math_ept/mathlib4/eptx_work/pair_daf50f9f_x.lean:30:6: error: Tactic `apply` failed: could not unify the conclusion of `@Int.dvd_gcd`
  ?c ∣ Int.gcd ?a ?b
with the goal
  d ∣ ↑((a n).gcd (a (n + 1)))

Note: The full type of `@Int.dvd_gcd` is
  ∀ {a b : ℤ} {c : ℕ}, ↑c ∣ a → ↑c ∣ b → c ∣ a.gcd b

case mp.right
a : ℕ → ℤ
n : ℕ
d : ℤ
h : ∀ i ∈ Finset.range (n + 2), d ∣ a i
ha1 : d ∣ a n
ha2 : d ∣ a (n + 1)
⊢ d ∣ ↑((a n).gcd (a (n + 1)))
/home/simon/ai_math_ept/mathlib4/eptx_work/pair_daf50f9f_x.lean:292:21: warning: `String.trim` has been deprecated: Use `String.trimAscii` instead


[FAIL] pair_da3b17ea  rc=1 :: /home/simon/ai_math_ept/mathlib4/eptx_work/pair_da3b17ea_x.lean:11:14: error(lean.unknownIdentifier): Unknown constant `Nat.pow_le_pow_of_le_right`
/home/simon/ai_math_ept/mathlib4/eptx_work/pair_da3b17ea_x.lean:19:4: warning: `push_neg` has been deprecated. Prefer using `push Not` instead.
If you'd rather continue using `push_neg` in your project, you can implement it as follows:
```
open Lean.Parser.Tactic in
macro "push_neg" cfg:optConfig loc:(location)? : tactic =>
  `(tactic| push $cfg:optConfig Not $[$loc]?)
```
/home/simon/ai_math_ept/mathlib4/eptx_work/pair_da3b17ea_x.lean:71:14: error
[ok ] pair_db1d04db
[ok ] pair_db881e0a
[ok ] pair_d96197fd
[ok ] pair_dd06269e
[ok ] pair_dd39098e
[ok ] pair_dd457978
[FAIL] pair_ddc717c2  rc=1 :: /home/simon/ai_math_ept/mathlib4/eptx_work/pair_ddc717c2_x.lean:19:35: error: unsolved goals
f : ℝ → ℝ
hf : f = fun x => 1 / (1 - x)
x : ℝ
hx : ¬x = 1
h1 : x ≠ 1
h1'✝ h1' : 1 - x ≠ 0
⊢ 1 / (1 - x) ≠ 0
/home/simon/ai_math_ept/mathlib4/eptx_work/pair_ddc717c2_x.lean:34:29: error: unsolved goals
f : ℝ → ℝ
hf : f = fun x => 1 / (1 - x)
y : ℝ
hy : ¬y = 0
h_eq1 h_eq1' : 1 - 1 / y = 1
h_eq1'' : 1 / y = 0
h_ne_zero : y ≠ 0
⊢ 1 / y ≠ 0
/home/simon/ai_math_ept/mathlib4/eptx_work/pair_ddc717c2_x.lean:37:4: error: unsolved goals
case h.right
f : ℝ → ℝ
hf : f = fun x => 1 / (1 - x)
y : ℝ
hy : ¬y = 0
⊢ 1 = 
[ok ] pair_de1e8e19
[ok ] pair_de483a80
[ok ] pair_de5a08c0
[ok ] pair_de450765
[ok ] pair_debcd118
[ok ] pair_df433d2d
[FAIL] pair_deb0d50b  rc=1 :: /home/simon/ai_math_ept/mathlib4/eptx_work/pair_deb0d50b_x.lean:23:12: error: No goals to be solved
/home/simon/ai_math_ept/mathlib4/eptx_work/pair_deb0d50b_x.lean:25:17: error(lean.unknownIdentifier): Unknown identifier `div_le_div_right`
/home/simon/ai_math_ept/mathlib4/eptx_work/pair_deb0d50b_x.lean:26:10: error: No goals to be solved
/home/simon/ai_math_ept/mathlib4/eptx_work/pair_deb0d50b_x.lean:47:12: error: No goals to be solved
/home/simon/ai_math_ept/mathlib4/eptx_work/pair_deb0d50b_x.lean:49:17: error(lean.unknownIdentifier): Unknown identifier `div_le_div_right`
/home/simon/ai_math_
[ok ] pair_df1cba21
[ok ] pair_e23940b8
[ok ] pair_e289753a
[ok ] pair_e24e2569
[ok ] pair_e39b5195
[ok ] pair_e38bc8a1
[ok ] pair_e21630bd
[FAIL] pair_e42dcbc5  rc=1 :: /home/simon/ai_math_ept/mathlib4/eptx_work/pair_e42dcbc5_x.lean:13:6: error(lean.unknownIdentifier): Unknown constant `Set.ncard_coe_Finset`
/home/simon/ai_math_ept/mathlib4/eptx_work/pair_e42dcbc5_x.lean:7:79: error: unsolved goals
h :
  {(a, b) | 1 ≤ a ∧ a < b ∧ b ≤ 57 ∧ a ^ 2 % 57 < b ^ 2 % 57} =
    ↑({p ∈ Icc 0 57 ×ˢ Icc 0 57 | 1 ≤ p.1 ∧ p.1 < p.2 ∧ p.2 ≤ 57 ∧ p.1 ^ 2 % 57 < p.2 ^ 2 % 57})
⊢ (↑({p ∈ Icc 0 57 ×ˢ Icc 0 57 | 1 ≤ p.1 ∧ p.1 < p.2 ∧ p.2 ≤ 57 ∧ p.1 ^ 2 % 57 < p.2 ^ 2 % 57})).ncard = 738
/home/simon/ai_math_ept/mathlib4/eptx_work/pair_e42dcbc5_x.lean:236:21: warning: `String.trim
[ok ] pair_e43c8a3b
[ok ] pair_e45dd21b
[ok ] pair_e4b3d3b7
[ok ] pair_e5328112
[ok ] pair_e5e14291
[FAIL] pair_e4ffaada  rc=1 ::  this: 
  letI̵

The goal is a proposition, so `let` is preferred over `letI`.
The difference between `let` and `letI` is that `letI` inlines the value.
But this is not relevant for proofs because of proof irrelevance.

Note: This linter can be disabled with `set_option linter.style.haveILetI false`
/home/simon/ai_math_ept/mathlib4/eptx_work/pair_e4ffaada_x.lean:17:10: error: Tactic `rewrite` failed: Did not find an occurrence of the pattern
  (C a * X ^ 2 + C b * X + C c).roots
in the target expression
  Nat.instPartialOrder.toLE = instLENat

case e'_2
c✝ x y : ℝ
h : (X ^ 2 + C (-c✝) * X + C 
[ok ] pair_e653c233
[ok ] pair_e6f73d93
[FAIL] pair_e662ae99  rc=1 :: /home/simon/ai_math_ept/mathlib4/eptx_work/pair_e662ae99_x.lean:5:0: error: This instance has 1 argument that cannot be inferred using typeclass synthesis. Specifically

  argument 2: `(hp2 : Odd p)`

These arguments are not instance-implicit and appear neither in another instance-implicit argument nor the return type, so they cannot be inferred using typeclass synthesis.
/home/simon/ai_math_ept/mathlib4/eptx_work/pair_e662ae99_x.lean:19:2: error: Failed: ?m.118 is not the type of a function.
/home/simon/ai_math_ept/mathlib4/eptx_work/pair_e662ae99_x.lean:263:21: warning: `String.trim` has bee
[ok ] pair_e7575bee
[FAIL] pair_e8464b73  rc=1 :: /home/simon/ai_math_ept/mathlib4/eptx_work/pair_e8464b73_x.lean:22:8: error(lean.unknownIdentifier): Unknown identifier `pow_eq_zero`
/home/simon/ai_math_ept/mathlib4/eptx_work/pair_e8464b73_x.lean:22:2: error: Failed: ?m.426 is not the type of a function.
/home/simon/ai_math_ept/mathlib4/eptx_work/pair_e8464b73_x.lean:260:21: warning: `String.trim` has been deprecated: Use `String.trimAscii` instead

Note: The updated constant has a different type:
  String → String.Slice
instead of
  String → String
[ok] calculus_15258 term0: 351 nodes, 540 edges, 540 visits
[ok] calculus_15258 term: 18686 n
[ok ] pair_e83bd10d
[ok ] pair_e8d98c67
[ok ] pair_e8903db6
[ok ] pair_e970e4c4
[ok ] pair_e9e4fe91
[ok ] pair_eabc1c29
[ok ] pair_eb63c4a0
[ok ] pair_ebc61bc9
[ok ] pair_ebd7b419
[ok ] pair_ec20e9b4
[ok ] pair_ec7f806f
[ok ] pair_eca058c6
[ok ] pair_edc1fe33
[ok ] pair_ec8eb018
[FAIL] pair_edf1abe4  rc=1 :: /home/simon/ai_math_ept/mathlib4/eptx_work/pair_edf1abe4_x.lean:25:4: error: Type mismatch: After simplification, term
  ha
 has type
  @Eq ℤ (a (1 + 2)) (a (1 + 1) + a 1)
but is expected to have type
  @Eq ℤ (a 3) (a 2 + a 1)
/home/simon/ai_math_ept/mathlib4/eptx_work/pair_edf1abe4_x.lean:28:4: error: Type mismatch: After simplification, term
  ha
 has type
  @Eq ℤ (a (2 + 2)) (a (2 + 1) + a 2)
but is expected to have type
  @Eq ℤ (a 4) (a 3 + a 2)
/home/simon/ai_math_ept/mathlib4/eptx_work/pair_edf1abe4_x.lean:31:4: error: Type mismatch: After simplification, term
  ha
 has type
  @Eq ℤ (a (
[ok ] pair_ee294964
[ok ] pair_ee1554cd
[ok ] pair_ee52321c
[ok ] pair_eed4f922
[ok ] pair_eeb3bb08
[FAIL] pair_f04e2b35  rc=1 :: /home/simon/ai_math_ept/mathlib4/eptx_work/pair_f04e2b35_x.lean:29:6: error: linarith failed to find a contradiction
case h1
x : ℝ
hx : x ≠ 1
h1 : x ^ 2 + 4 * x - 5 ≠ 0
hx2 : x - 1 ≠ 0
denom1 : x ^ 2 + 4 * x - 5 ≠ 0
denom2 : x - 1 ≠ 0
h : (2 * x + 4) * (x - 1) / (x * (x + 4) - 5) = 2 - x
a✝ : (2 * x + 4) * (x - 1) < (x * (x + 4) - 5) * (2 - x)
⊢ False
failed
/home/simon/ai_math_ept/mathlib4/eptx_work/pair_f04e2b35_x.lean:265:21: warning: `String.trim` has been deprecated: Use `String.trimAscii` instead

Note: The updated constant has a different type:
  String → String.Slice
instead of
  Strin
[ok ] pair_f0d3d3dd
[ok ] pair_f1a813ba
[ok ] pair_f087056e
[ok ] pair_f38173b7
[ok ] pair_f39ff433
[ok ] pair_f2ee8d3a
[FAIL] pair_f441e309  rc=1 :: 9_x.lean:9:25: error: No goals to be solved
/home/simon/ai_math_ept/mathlib4/eptx_work/pair_f441e309_x.lean:19:8: warning: `push_neg` has been deprecated. Prefer using `push Not` instead.
If you'd rather continue using `push_neg` in your project, you can implement it as follows:
```
open Lean.Parser.Tactic in
macro "push_neg" cfg:optConfig loc:(location)? : tactic =>
  `(tactic| push $cfg:optConfig Not $[$loc]?)
```
/home/simon/ai_math_ept/mathlib4/eptx_work/pair_f441e309_x.lean:24:10: warning: `push_neg` has been deprecated. Prefer using `push Not` instead.
If you'd rather continue using `pus
[ok ] pair_f46b4569
[ok ] pair_f508c4f1
[ok ] pair_f54301fd
[ok ] pair_f4b1f0c5
[ok ] pair_f549052a
[FAIL] pair_f59827f2  rc=1 :: /home/simon/ai_math_ept/mathlib4/eptx_work/pair_f59827f2_x.lean:7:2: error: Tactic `simp` failed with a nested error:
maximum recursion depth has been reached
use `set_option maxRecDepth <num>` to increase limit
use `set_option diagnostics true` to get diagnostic information
/home/simon/ai_math_ept/mathlib4/eptx_work/pair_f59827f2_x.lean:243:21: warning: `String.trim` has been deprecated: Use `String.trimAscii` instead

Note: The updated constant has a different type:
  String → String.Slice
instead of
  String → String
[ok] calculus_22129 term0: 340 nodes, 542 edges, 542 visits
[ok] calculus_
[ok ] pair_f5d4e5bf
[ok ] pair_f5a9005d
[ok ] pair_f5e39d77
[ok ] pair_f700873e
[FAIL] pair_f77032d5  rc=1 :: _work/pair_f77032d5_x.lean:7:25: error: No goals to be solved
/home/simon/ai_math_ept/mathlib4/eptx_work/pair_f77032d5_x.lean:7:25: error: No goals to be solved
/home/simon/ai_math_ept/mathlib4/eptx_work/pair_f77032d5_x.lean:7:25: error: No goals to be solved
/home/simon/ai_math_ept/mathlib4/eptx_work/pair_f77032d5_x.lean:7:25: error: No goals to be solved
/home/simon/ai_math_ept/mathlib4/eptx_work/pair_f77032d5_x.lean:7:25: error: No goals to be solved
/home/simon/ai_math_ept/mathlib4/eptx_work/pair_f77032d5_x.lean:7:25: error: No goals to be solved
/home/simon/ai_math_ept/mathlib4/eptx_work/
[ok ] pair_f7c29af4
[ok ] pair_f7ca2998
[ok ] pair_f8026f2d
[ok ] pair_f827a253
[ok ] pair_f9baa4be
[ok ] pair_f85a44af
[FAIL] pair_fb9a9d44  rc=1 :: /home/simon/ai_math_ept/mathlib4/eptx_work/pair_fb9a9d44_x.lean:50:10: error(lean.unknownIdentifier): Unknown constant `Real.sqrt_eq_iff_sq_eq`
/home/simon/ai_math_ept/mathlib4/eptx_work/pair_fb9a9d44_x.lean:52:10: error(lean.unknownIdentifier): Unknown constant `Real.sqrt_eq_iff_sq_eq`
/home/simon/ai_math_ept/mathlib4/eptx_work/pair_fb9a9d44_x.lean:282:21: warning: `String.trim` has been deprecated: Use `String.trimAscii` instead

Note: The updated constant has a different type:
  String → String.Slice
instead of
  String → String
[ok] inequalities_192965 term0: 14538 nodes, 28368 edges, 2836
[FAIL] pair_fc017bd5  rc=1 :: /home/simon/ai_math_ept/mathlib4/eptx_work/pair_fc017bd5_x.lean:83:15: error(lean.unknownIdentifier): Unknown identifier `div_le_div_iff`
/home/simon/ai_math_ept/mathlib4/eptx_work/pair_fc017bd5_x.lean:84:8: error: No goals to be solved
/home/simon/ai_math_ept/mathlib4/eptx_work/pair_fc017bd5_x.lean:309:21: warning: `String.trim` has been deprecated: Use `String.trimAscii` instead

Note: The updated constant has a different type:
  String → String.Slice
instead of
  String → String
[ok] algebra_611433 term0: 19513 nodes, 38192 edges, 38192 visits
[ok] algebra_611433 term: 19513 nodes, 38192 ed
[FAIL] pair_fc8ce097  rc=1 :: er): Unknown constant `Complex.abs`
Try this:
  [apply] ring_nf
  
  The `ring` tactic failed to close the goal. Use `ring_nf` to obtain a normal form.
    
  Note that `ring` works primarily in *commutative* rings. If you have a noncommutative ring, abelian group or module, consider using `noncomm_ring`, `abel` or `module` instead.
/home/simon/ai_math_ept/mathlib4/eptx_work/pair_fc8ce097_x.lean:18:60: error: unsolved goals
z : ℂ
hz : z ^ 2 = 156 + 65 * Complex.I
eq1 : z.re ^ 2 - z.im ^ 2 = 156
eq2 : 2 * z.re * z.im = 65
eq3 : z.re ^ 2 + z.im ^ 2 = 169
⊢ sorry () = √(z.re ^ 2 + z.im ^ 2)
/home
[ok ] pair_fc9929da
[ok ] pair_fccad9e3
[ok ] pair_fd852ae5
[ok ] pair_fd008cdf
[ok ] pair_fe3e5ba4
[ok ] pair_feaf5a17
[FAIL] pair_ff9f44c9  rc=1 :: /home/simon/ai_math_ept/mathlib4/eptx_work/pair_ff9f44c9_x.lean:4:93: error: Type mismatch
  ![-1, 4, 2]
has type
  Fin (Nat.succ 0).succ.succ → ℤ
but is expected to have type
  EuclideanSpace ℝ (Fin 3)
/home/simon/ai_math_ept/mathlib4/eptx_work/pair_ff9f44c9_x.lean:232:21: warning: `String.trim` has been deprecated: Use `String.trimAscii` instead

Note: The updated constant has a different type:
  String → String.Slice
instead of
  String → String
[fail] calculus_23032: declaration calculus_23032 not found

[FAIL] pair_e65dff79  rc=1 :: ean:27:27: error: No goals to be solved
/home/simon/ai_math_ept/mathlib4/eptx_work/pair_e65dff79_x.lean:27:27: error: No goals to be solved
/home/simon/ai_math_ept/mathlib4/eptx_work/pair_e65dff79_x.lean:27:27: error: No goals to be solved
/home/simon/ai_math_ept/mathlib4/eptx_work/pair_e65dff79_x.lean:27:27: error: No goals to be solved
/home/simon/ai_math_ept/mathlib4/eptx_work/pair_e65dff79_x.lean:27:27: error: No goals to be solved
/home/simon/ai_math_ept/mathlib4/eptx_work/pair_e65dff79_x.lean:27:27: error: No goals to be solved
/home/simon/ai_math_ept/mathlib4/eptx_work/pair_e65dff79_x.l
{"total": 500, "ran": 500, "ok": 399, "fail": 101}
PAIRED_EXTRACT_DONE
