[ok] sphere_packing_HUMAN(pre-Feb2026): N=1024 E=3089 Q=0.533 alpha=2.06 never_cited=0.312 belief@.01=0.98
[ok] sphere_packing_GAUSS(math-inc): N=5675 E=28045 Q=0.558 alpha=2.02 never_cited=0.203 belief@.01=0.9844
[ok] strongPNT_GAUSS: N=1113 E=1831 Q=0.81 alpha=2.594 never_cited=0.197 belief@.01=0.8861
[ok] pfr_HUMAN: N=977 E=2526 Q=0.609 alpha=2.188 never_cited=0.269 belief@.01=0.9428
[ok] FLT_HUMAN: N=2945 E=11457 Q=0.521 alpha=2.126 never_cited=0.348 belief@.01=0.9739
[ok] PNT+_HUMAN: N=8284 E=42246 Q=0.56 alpha=1.666 never_cited=0.254 belief@.01=0.9879
[ok] ETP_human_files: N=2150 E=9692 Q=0.505 alpha=1.926 never_cited=0.458 belief@.01=0.9873
[ok] ETP_generated_files: N=11046 E=4635 Q=0.145 alpha=2.036 never_cited=0.983 belief@.01=0.5418
[ok] compfiles_HUMAN: N=3337 E=17745 Q=0.487 alpha=1.914 never_cited=0.278 belief@.01=0.9838
[ok] seed_prover_AI: N=6030 E=14142 Q=0.707 alpha=1.998 never_cited=0.422 belief@.01=0.9396
[ok] aristotle_AI: N=125 E=349 Q=0.649 alpha=1.953 never_cited=0.232 belief@.01=0.9618
[ok] alphaproof_nexus_AI: N=3007 E=9906 Q=0.705 alpha=2.075 never_cited=0.192 belief@.01=0.9724

=== summary ===
                           corpus authorship  n_decls  n_edges  modularity_Q  alpha_reuse  frac_never_cited  reuse_gini  belief_eps0.01
sphere_packing_HUMAN(pre-Feb2026)      human     1024     3089         0.533        2.060          0.312500    0.798355          0.9800
   sphere_packing_GAUSS(math-inc)         AI     5675    28045         0.558        2.020          0.202819    0.816312          0.9844
                  strongPNT_GAUSS         AI     1113     1831         0.810        2.594          0.196765    0.579385          0.8861
                        pfr_HUMAN      human      977     2526         0.609        2.188          0.269191    0.692469          0.9428
                        FLT_HUMAN      human     2945    11457         0.521        2.126          0.347708    0.851483          0.9739
                       PNT+_HUMAN      human     8284    42246         0.560        1.666          0.254225    0.864347          0.9879
                  ETP_human_files      human     2150     9692         0.505        1.926          0.458140    0.890586          0.9873
              ETP_generated_files    machine    11046     4635         0.145        2.036          0.983252    0.998792          0.5418
                  compfiles_HUMAN      human     3337    17745         0.487        1.914          0.277794    0.858233          0.9838
                   seed_prover_AI         AI     6030    14142         0.707        1.998          0.421559    0.829538          0.9396
                     aristotle_AI         AI      125      349         0.649        1.953          0.232000    0.701891          0.9618
              alphaproof_nexus_AI         AI     3007     9906         0.705        2.075          0.191553    0.748686          0.9724

=== by authorship ===
            modularity_Q  alpha_reuse  frac_never_cited  reuse_gini  belief_eps0.01
authorship                                                                         
AI                 0.686        2.128             0.249       0.735           0.949
human              0.536        1.980             0.320       0.826           0.976
machine            0.145        2.036             0.983       0.999           0.542
done 21s
